TimeQuest Timing Analyzer report for ModOchoTruncadoSeis
Mon Mar 07 14:30:40 2022
Quartus II 64-Bit Version 13.0.1 Build 232 06/12/2013 Service Pack 1 SJ Web Edition


---------------------
; Table of Contents ;
---------------------
  1. Legal Notice
  2. TimeQuest Timing Analyzer Summary
  3. Parallel Compilation
  4. Clocks
  5. Slow 1200mV 85C Model Fmax Summary
  6. Timing Closure Recommendations
  7. Slow 1200mV 85C Model Setup Summary
  8. Slow 1200mV 85C Model Hold Summary
  9. Slow 1200mV 85C Model Recovery Summary
 10. Slow 1200mV 85C Model Removal Summary
 11. Slow 1200mV 85C Model Minimum Pulse Width Summary
 12. Slow 1200mV 85C Model Setup: 'CLK'
 13. Slow 1200mV 85C Model Setup: 'inst52'
 14. Slow 1200mV 85C Model Setup: 'inst1'
 15. Slow 1200mV 85C Model Hold: 'CLK'
 16. Slow 1200mV 85C Model Hold: 'inst52'
 17. Slow 1200mV 85C Model Hold: 'inst1'
 18. Slow 1200mV 85C Model Recovery: 'inst52'
 19. Slow 1200mV 85C Model Recovery: 'inst1'
 20. Slow 1200mV 85C Model Recovery: 'CLK'
 21. Slow 1200mV 85C Model Removal: 'CLK'
 22. Slow 1200mV 85C Model Removal: 'inst1'
 23. Slow 1200mV 85C Model Removal: 'inst52'
 24. Slow 1200mV 85C Model Minimum Pulse Width: 'CLK'
 25. Slow 1200mV 85C Model Minimum Pulse Width: 'inst1'
 26. Slow 1200mV 85C Model Minimum Pulse Width: 'inst52'
 27. Clock to Output Times
 28. Minimum Clock to Output Times
 29. Slow 1200mV 85C Model Metastability Report
 30. Slow 1200mV 0C Model Fmax Summary
 31. Slow 1200mV 0C Model Setup Summary
 32. Slow 1200mV 0C Model Hold Summary
 33. Slow 1200mV 0C Model Recovery Summary
 34. Slow 1200mV 0C Model Removal Summary
 35. Slow 1200mV 0C Model Minimum Pulse Width Summary
 36. Slow 1200mV 0C Model Setup: 'CLK'
 37. Slow 1200mV 0C Model Setup: 'inst52'
 38. Slow 1200mV 0C Model Setup: 'inst1'
 39. Slow 1200mV 0C Model Hold: 'CLK'
 40. Slow 1200mV 0C Model Hold: 'inst52'
 41. Slow 1200mV 0C Model Hold: 'inst1'
 42. Slow 1200mV 0C Model Recovery: 'inst52'
 43. Slow 1200mV 0C Model Recovery: 'inst1'
 44. Slow 1200mV 0C Model Recovery: 'CLK'
 45. Slow 1200mV 0C Model Removal: 'CLK'
 46. Slow 1200mV 0C Model Removal: 'inst1'
 47. Slow 1200mV 0C Model Removal: 'inst52'
 48. Slow 1200mV 0C Model Minimum Pulse Width: 'CLK'
 49. Slow 1200mV 0C Model Minimum Pulse Width: 'inst1'
 50. Slow 1200mV 0C Model Minimum Pulse Width: 'inst52'
 51. Clock to Output Times
 52. Minimum Clock to Output Times
 53. Slow 1200mV 0C Model Metastability Report
 54. Fast 1200mV 0C Model Setup Summary
 55. Fast 1200mV 0C Model Hold Summary
 56. Fast 1200mV 0C Model Recovery Summary
 57. Fast 1200mV 0C Model Removal Summary
 58. Fast 1200mV 0C Model Minimum Pulse Width Summary
 59. Fast 1200mV 0C Model Setup: 'CLK'
 60. Fast 1200mV 0C Model Setup: 'inst52'
 61. Fast 1200mV 0C Model Setup: 'inst1'
 62. Fast 1200mV 0C Model Hold: 'CLK'
 63. Fast 1200mV 0C Model Hold: 'inst52'
 64. Fast 1200mV 0C Model Hold: 'inst1'
 65. Fast 1200mV 0C Model Recovery: 'inst52'
 66. Fast 1200mV 0C Model Recovery: 'CLK'
 67. Fast 1200mV 0C Model Recovery: 'inst1'
 68. Fast 1200mV 0C Model Removal: 'CLK'
 69. Fast 1200mV 0C Model Removal: 'inst1'
 70. Fast 1200mV 0C Model Removal: 'inst52'
 71. Fast 1200mV 0C Model Minimum Pulse Width: 'CLK'
 72. Fast 1200mV 0C Model Minimum Pulse Width: 'inst1'
 73. Fast 1200mV 0C Model Minimum Pulse Width: 'inst52'
 74. Clock to Output Times
 75. Minimum Clock to Output Times
 76. Fast 1200mV 0C Model Metastability Report
 77. Multicorner Timing Analysis Summary
 78. Clock to Output Times
 79. Minimum Clock to Output Times
 80. Board Trace Model Assignments
 81. Input Transition Times
 82. Slow Corner Signal Integrity Metrics
 83. Fast Corner Signal Integrity Metrics
 84. Setup Transfers
 85. Hold Transfers
 86. Recovery Transfers
 87. Removal Transfers
 88. Report TCCS
 89. Report RSKM
 90. Unconstrained Paths
 91. TimeQuest Timing Analyzer Messages



----------------
; Legal Notice ;
----------------
Copyright (C) 1991-2013 Altera Corporation
Your use of Altera Corporation's design tools, logic functions 
and other software and tools, and its AMPP partner logic 
functions, and any output files from any of the foregoing 
(including device programming or simulation files), and any 
associated documentation or information are expressly subject 
to the terms and conditions of the Altera Program License 
Subscription Agreement, Altera MegaCore Function License 
Agreement, or other applicable license agreement, including, 
without limitation, that your use is for the sole purpose of 
programming logic devices manufactured by Altera and sold by 
Altera or its authorized distributors.  Please refer to the 
applicable agreement for further details.



+----------------------------------------------------------------------------------------+
; TimeQuest Timing Analyzer Summary                                                      ;
+--------------------+-------------------------------------------------------------------+
; Quartus II Version ; Version 13.0.1 Build 232 06/12/2013 Service Pack 1 SJ Web Edition ;
; Revision Name      ; ModOchoTruncadoSeis                                               ;
; Device Family      ; Cyclone III                                                       ;
; Device Name        ; EP3C16F484C6                                                      ;
; Timing Models      ; Final                                                             ;
; Delay Model        ; Combined                                                          ;
; Rise/Fall Delays   ; Enabled                                                           ;
+--------------------+-------------------------------------------------------------------+


Parallel compilation was disabled, but you have multiple processors available. Enable parallel compilation to reduce compilation time.
+-------------------------------------+
; Parallel Compilation                ;
+----------------------------+--------+
; Processors                 ; Number ;
+----------------------------+--------+
; Number detected on machine ; 8      ;
; Maximum allowed            ; 1      ;
+----------------------------+--------+


+------------------------------------------------------------------------------------------------------------------------------------------------------------------------------------+
; Clocks                                                                                                                                                                             ;
+------------+------+--------+------------+-------+-------+------------+-----------+-------------+-------+--------+-----------+------------+----------+--------+--------+------------+
; Clock Name ; Type ; Period ; Frequency  ; Rise  ; Fall  ; Duty Cycle ; Divide by ; Multiply by ; Phase ; Offset ; Edge List ; Edge Shift ; Inverted ; Master ; Source ; Targets    ;
+------------+------+--------+------------+-------+-------+------------+-----------+-------------+-------+--------+-----------+------------+----------+--------+--------+------------+
; CLK        ; Base ; 1.000  ; 1000.0 MHz ; 0.000 ; 0.500 ;            ;           ;             ;       ;        ;           ;            ;          ;        ;        ; { CLK }    ;
; inst1      ; Base ; 1.000  ; 1000.0 MHz ; 0.000 ; 0.500 ;            ;           ;             ;       ;        ;           ;            ;          ;        ;        ; { inst1 }  ;
; inst52     ; Base ; 1.000  ; 1000.0 MHz ; 0.000 ; 0.500 ;            ;           ;             ;       ;        ;           ;            ;          ;        ;        ; { inst52 } ;
+------------+------+--------+------------+-------+-------+------------+-----------+-------------+-------+--------+-----------+------------+----------+--------+--------+------------+


+---------------------------------------------------------------------------------------------+
; Slow 1200mV 85C Model Fmax Summary                                                          ;
+-------------+-----------------+------------+------------------------------------------------+
; Fmax        ; Restricted Fmax ; Clock Name ; Note                                           ;
+-------------+-----------------+------------+------------------------------------------------+
; 1464.13 MHz ; 500.0 MHz       ; inst1      ; limit due to minimum period restriction (tmin) ;
+-------------+-----------------+------------+------------------------------------------------+
This panel reports FMAX for every clock in the design, regardless of the user-specified clock periods.  FMAX is only computed for paths where the source and destination registers or ports are driven by the same clock.  Paths of different clocks, including generated clocks, are ignored.  For paths between a clock and its inversion, FMAX is computed as if the rising and falling edges are scaled along with FMAX, such that the duty cycle (in terms of a percentage) is maintained. Altera recommends that you always use clock constraints and other slack reports for sign-off analysis.


----------------------------------
; Timing Closure Recommendations ;
----------------------------------
HTML report is unavailable in plain text report export.


+-------------------------------------+
; Slow 1200mV 85C Model Setup Summary ;
+--------+--------+-------------------+
; Clock  ; Slack  ; End Point TNS     ;
+--------+--------+-------------------+
; CLK    ; -0.035 ; -0.035            ;
; inst52 ; 0.071  ; 0.000             ;
; inst1  ; 0.317  ; 0.000             ;
+--------+--------+-------------------+


+------------------------------------+
; Slow 1200mV 85C Model Hold Summary ;
+--------+-------+-------------------+
; Clock  ; Slack ; End Point TNS     ;
+--------+-------+-------------------+
; CLK    ; 0.019 ; 0.000             ;
; inst52 ; 0.112 ; 0.000             ;
; inst1  ; 0.384 ; 0.000             ;
+--------+-------+-------------------+


+----------------------------------------+
; Slow 1200mV 85C Model Recovery Summary ;
+--------+--------+----------------------+
; Clock  ; Slack  ; End Point TNS        ;
+--------+--------+----------------------+
; inst52 ; -1.000 ; -1.000               ;
; inst1  ; -0.867 ; -0.867               ;
; CLK    ; -0.535 ; -0.535               ;
+--------+--------+----------------------+


+---------------------------------------+
; Slow 1200mV 85C Model Removal Summary ;
+--------+--------+---------------------+
; Clock  ; Slack  ; End Point TNS       ;
+--------+--------+---------------------+
; CLK    ; -0.663 ; -0.663              ;
; inst1  ; 0.349  ; 0.000               ;
; inst52 ; 0.474  ; 0.000               ;
+--------+--------+---------------------+


+---------------------------------------------------+
; Slow 1200mV 85C Model Minimum Pulse Width Summary ;
+--------+--------+---------------------------------+
; Clock  ; Slack  ; End Point TNS                   ;
+--------+--------+---------------------------------+
; CLK    ; -3.000 ; -4.000                          ;
; inst1  ; -1.000 ; -1.000                          ;
; inst52 ; -1.000 ; -1.000                          ;
+--------+--------+---------------------------------+


+----------------------------------------------------------------------------------------------------+
; Slow 1200mV 85C Model Setup: 'CLK'                                                                 ;
+--------+-----------+---------+--------------+-------------+--------------+------------+------------+
; Slack  ; From Node ; To Node ; Launch Clock ; Latch Clock ; Relationship ; Clock Skew ; Data Delay ;
+--------+-----------+---------+--------------+-------------+--------------+------------+------------+
; -0.035 ; inst52    ; inst52  ; inst52       ; CLK         ; 0.500        ; 1.764      ; 2.493      ;
; 0.464  ; inst52    ; inst52  ; inst52       ; CLK         ; 1.000        ; 1.764      ; 2.494      ;
+--------+-----------+---------+--------------+-------------+--------------+------------+------------+


+---------------------------------------------------------------------------------------------------+
; Slow 1200mV 85C Model Setup: 'inst52'                                                             ;
+-------+-----------+---------+--------------+-------------+--------------+------------+------------+
; Slack ; From Node ; To Node ; Launch Clock ; Latch Clock ; Relationship ; Clock Skew ; Data Delay ;
+-------+-----------+---------+--------------+-------------+--------------+------------+------------+
; 0.071 ; inst1     ; inst1   ; inst1        ; inst52      ; 0.500        ; 0.779      ; 1.422      ;
; 0.573 ; inst1     ; inst1   ; inst1        ; inst52      ; 1.000        ; 0.779      ; 1.420      ;
+-------+-----------+---------+--------------+-------------+--------------+------------+------------+


+---------------------------------------------------------------------------------------------------+
; Slow 1200mV 85C Model Setup: 'inst1'                                                              ;
+-------+-----------+---------+--------------+-------------+--------------+------------+------------+
; Slack ; From Node ; To Node ; Launch Clock ; Latch Clock ; Relationship ; Clock Skew ; Data Delay ;
+-------+-----------+---------+--------------+-------------+--------------+------------+------------+
; 0.317 ; inst2     ; inst2   ; inst1        ; inst1       ; 1.000        ; -0.039     ; 0.659      ;
+-------+-----------+---------+--------------+-------------+--------------+------------+------------+


+---------------------------------------------------------------------------------------------------+
; Slow 1200mV 85C Model Hold: 'CLK'                                                                 ;
+-------+-----------+---------+--------------+-------------+--------------+------------+------------+
; Slack ; From Node ; To Node ; Launch Clock ; Latch Clock ; Relationship ; Clock Skew ; Data Delay ;
+-------+-----------+---------+--------------+-------------+--------------+------------+------------+
; 0.019 ; inst52    ; inst52  ; inst52       ; CLK         ; 0.000        ; 1.830      ; 2.225      ;
; 0.553 ; inst52    ; inst52  ; inst52       ; CLK         ; -0.500       ; 1.830      ; 2.259      ;
+-------+-----------+---------+--------------+-------------+--------------+------------+------------+


+---------------------------------------------------------------------------------------------------+
; Slow 1200mV 85C Model Hold: 'inst52'                                                              ;
+-------+-----------+---------+--------------+-------------+--------------+------------+------------+
; Slack ; From Node ; To Node ; Launch Clock ; Latch Clock ; Relationship ; Clock Skew ; Data Delay ;
+-------+-----------+---------+--------------+-------------+--------------+------------+------------+
; 0.112 ; inst1     ; inst1   ; inst1        ; inst52      ; 0.000        ; 0.830      ; 1.298      ;
; 0.580 ; inst1     ; inst1   ; inst1        ; inst52      ; -0.500       ; 0.830      ; 1.266      ;
+-------+-----------+---------+--------------+-------------+--------------+------------+------------+


+---------------------------------------------------------------------------------------------------+
; Slow 1200mV 85C Model Hold: 'inst1'                                                               ;
+-------+-----------+---------+--------------+-------------+--------------+------------+------------+
; Slack ; From Node ; To Node ; Launch Clock ; Latch Clock ; Relationship ; Clock Skew ; Data Delay ;
+-------+-----------+---------+--------------+-------------+--------------+------------+------------+
; 0.384 ; inst2     ; inst2   ; inst1        ; inst1       ; 0.000        ; 0.039      ; 0.580      ;
+-------+-----------+---------+--------------+-------------+--------------+------------+------------+


+----------------------------------------------------------------------------------------------------+
; Slow 1200mV 85C Model Recovery: 'inst52'                                                           ;
+--------+-----------+---------+--------------+-------------+--------------+------------+------------+
; Slack  ; From Node ; To Node ; Launch Clock ; Latch Clock ; Relationship ; Clock Skew ; Data Delay ;
+--------+-----------+---------+--------------+-------------+--------------+------------+------------+
; -1.000 ; inst2     ; inst1   ; inst1        ; inst52      ; 1.000        ; -0.283     ; 1.732      ;
; -0.112 ; inst1     ; inst1   ; inst1        ; inst52      ; 0.500        ; 0.779      ; 1.605      ;
; 0.260  ; inst1     ; inst1   ; inst1        ; inst52      ; 1.000        ; 0.779      ; 1.733      ;
+--------+-----------+---------+--------------+-------------+--------------+------------+------------+


+----------------------------------------------------------------------------------------------------+
; Slow 1200mV 85C Model Recovery: 'inst1'                                                            ;
+--------+-----------+---------+--------------+-------------+--------------+------------+------------+
; Slack  ; From Node ; To Node ; Launch Clock ; Latch Clock ; Relationship ; Clock Skew ; Data Delay ;
+--------+-----------+---------+--------------+-------------+--------------+------------+------------+
; -0.867 ; inst2     ; inst2   ; inst1        ; inst1       ; 1.000        ; -0.039     ; 1.843      ;
; -0.026 ; inst1     ; inst2   ; inst1        ; inst1       ; 0.500        ; 1.002      ; 1.742      ;
; 0.372  ; inst1     ; inst2   ; inst1        ; inst1       ; 1.000        ; 1.002      ; 1.844      ;
+--------+-----------+---------+--------------+-------------+--------------+------------+------------+


+----------------------------------------------------------------------------------------------------+
; Slow 1200mV 85C Model Recovery: 'CLK'                                                              ;
+--------+-----------+---------+--------------+-------------+--------------+------------+------------+
; Slack  ; From Node ; To Node ; Launch Clock ; Latch Clock ; Relationship ; Clock Skew ; Data Delay ;
+--------+-----------+---------+--------------+-------------+--------------+------------+------------+
; -0.535 ; inst2     ; inst52  ; inst1        ; CLK         ; 0.500        ; 0.702      ; 1.732      ;
; 0.725  ; inst1     ; inst52  ; inst1        ; CLK         ; 0.500        ; 1.764      ; 1.733      ;
; 1.353  ; inst1     ; inst52  ; inst1        ; CLK         ; 1.000        ; 1.764      ; 1.605      ;
+--------+-----------+---------+--------------+-------------+--------------+------------+------------+


+----------------------------------------------------------------------------------------------------+
; Slow 1200mV 85C Model Removal: 'CLK'                                                               ;
+--------+-----------+---------+--------------+-------------+--------------+------------+------------+
; Slack  ; From Node ; To Node ; Launch Clock ; Latch Clock ; Relationship ; Clock Skew ; Data Delay ;
+--------+-----------+---------+--------------+-------------+--------------+------------+------------+
; -0.663 ; inst1     ; inst52  ; inst1        ; CLK         ; 0.000        ; 1.830      ; 1.543      ;
; -0.046 ; inst1     ; inst52  ; inst1        ; CLK         ; -0.500       ; 1.830      ; 1.660      ;
; 1.074  ; inst2     ; inst52  ; inst1        ; CLK         ; -0.500       ; 0.828      ; 1.579      ;
+--------+-----------+---------+--------------+-------------+--------------+------------+------------+


+---------------------------------------------------------------------------------------------------+
; Slow 1200mV 85C Model Removal: 'inst1'                                                            ;
+-------+-----------+---------+--------------+-------------+--------------+------------+------------+
; Slack ; From Node ; To Node ; Launch Clock ; Latch Clock ; Relationship ; Clock Skew ; Data Delay ;
+-------+-----------+---------+--------------+-------------+--------------+------------+------------+
; 0.349 ; inst1     ; inst2   ; inst1        ; inst1       ; 0.000        ; 1.062      ; 1.767      ;
; 0.756 ; inst1     ; inst2   ; inst1        ; inst1       ; -0.500       ; 1.062      ; 1.674      ;
; 1.514 ; inst2     ; inst2   ; inst1        ; inst1       ; 0.000        ; 0.039      ; 1.710      ;
+-------+-----------+---------+--------------+-------------+--------------+------------+------------+


+---------------------------------------------------------------------------------------------------+
; Slow 1200mV 85C Model Removal: 'inst52'                                                           ;
+-------+-----------+---------+--------------+-------------+--------------+------------+------------+
; Slack ; From Node ; To Node ; Launch Clock ; Latch Clock ; Relationship ; Clock Skew ; Data Delay ;
+-------+-----------+---------+--------------+-------------+--------------+------------+------------+
; 0.474 ; inst1     ; inst1   ; inst1        ; inst52      ; 0.000        ; 0.830      ; 1.660      ;
; 0.857 ; inst1     ; inst1   ; inst1        ; inst52      ; -0.500       ; 0.830      ; 1.543      ;
; 1.594 ; inst2     ; inst1   ; inst1        ; inst52      ; 0.000        ; -0.172     ; 1.579      ;
+-------+-----------+---------+--------------+-------------+--------------+------------+------------+


+----------------------------------------------------------------------------------------------+
; Slow 1200mV 85C Model Minimum Pulse Width: 'CLK'                                             ;
+--------+--------------+----------------+------------------+-------+------------+-------------+
; Slack  ; Actual Width ; Required Width ; Type             ; Clock ; Clock Edge ; Target      ;
+--------+--------------+----------------+------------------+-------+------------+-------------+
; -3.000 ; 1.000        ; 4.000          ; Port Rate        ; CLK   ; Rise       ; CLK         ;
; -1.000 ; 1.000        ; 2.000          ; Min Period       ; CLK   ; Rise       ; inst52      ;
; 0.187  ; 0.371        ; 0.184          ; Low Pulse Width  ; CLK   ; Rise       ; inst52      ;
; 0.339  ; 0.339        ; 0.000          ; Low Pulse Width  ; CLK   ; Rise       ; CLK~input|o ;
; 0.347  ; 0.347        ; 0.000          ; Low Pulse Width  ; CLK   ; Rise       ; inst52|clk  ;
; 0.411  ; 0.627        ; 0.216          ; High Pulse Width ; CLK   ; Rise       ; inst52      ;
; 0.500  ; 0.500        ; 0.000          ; High Pulse Width ; CLK   ; Rise       ; CLK~input|i ;
; 0.500  ; 0.500        ; 0.000          ; Low Pulse Width  ; CLK   ; Rise       ; CLK~input|i ;
; 0.649  ; 0.649        ; 0.000          ; High Pulse Width ; CLK   ; Rise       ; inst52|clk  ;
; 0.661  ; 0.661        ; 0.000          ; High Pulse Width ; CLK   ; Rise       ; CLK~input|o ;
+--------+--------------+----------------+------------------+-------+------------+-------------+


+--------------------------------------------------------------------------------------------+
; Slow 1200mV 85C Model Minimum Pulse Width: 'inst1'                                         ;
+--------+--------------+----------------+------------------+-------+------------+-----------+
; Slack  ; Actual Width ; Required Width ; Type             ; Clock ; Clock Edge ; Target    ;
+--------+--------------+----------------+------------------+-------+------------+-----------+
; -1.000 ; 1.000        ; 2.000          ; Min Period       ; inst1 ; Fall       ; inst2     ;
; 0.222  ; 0.438        ; 0.216          ; High Pulse Width ; inst1 ; Fall       ; inst2     ;
; 0.377  ; 0.561        ; 0.184          ; Low Pulse Width  ; inst1 ; Fall       ; inst2     ;
; 0.430  ; 0.430        ; 0.000          ; Low Pulse Width  ; inst1 ; Rise       ; inst2|clk ;
; 0.500  ; 0.500        ; 0.000          ; High Pulse Width ; inst1 ; Rise       ; inst1|q   ;
; 0.500  ; 0.500        ; 0.000          ; Low Pulse Width  ; inst1 ; Rise       ; inst1|q   ;
; 0.568  ; 0.568        ; 0.000          ; High Pulse Width ; inst1 ; Rise       ; inst2|clk ;
+--------+--------------+----------------+------------------+-------+------------+-----------+


+---------------------------------------------------------------------------------------------+
; Slow 1200mV 85C Model Minimum Pulse Width: 'inst52'                                         ;
+--------+--------------+----------------+------------------+--------+------------+-----------+
; Slack  ; Actual Width ; Required Width ; Type             ; Clock  ; Clock Edge ; Target    ;
+--------+--------------+----------------+------------------+--------+------------+-----------+
; -1.000 ; 1.000        ; 2.000          ; Min Period       ; inst52 ; Fall       ; inst1     ;
; 0.232  ; 0.448        ; 0.216          ; High Pulse Width ; inst52 ; Fall       ; inst1     ;
; 0.367  ; 0.551        ; 0.184          ; Low Pulse Width  ; inst52 ; Fall       ; inst1     ;
; 0.440  ; 0.440        ; 0.000          ; Low Pulse Width  ; inst52 ; Rise       ; inst1|clk ;
; 0.500  ; 0.500        ; 0.000          ; High Pulse Width ; inst52 ; Rise       ; inst52|q  ;
; 0.500  ; 0.500        ; 0.000          ; Low Pulse Width  ; inst52 ; Rise       ; inst52|q  ;
; 0.558  ; 0.558        ; 0.000          ; High Pulse Width ; inst52 ; Rise       ; inst1|clk ;
+--------+--------------+----------------+------------------+--------+------------+-----------+


+-----------------------------------------------------------------------+
; Clock to Output Times                                                 ;
+-----------+------------+-------+-------+------------+-----------------+
; Data Port ; Clock Port ; Rise  ; Fall  ; Clock Edge ; Clock Reference ;
+-----------+------------+-------+-------+------------+-----------------+
; Q1        ; inst1      ; 2.621 ;       ; Rise       ; inst1           ;
; Q1        ; inst1      ;       ; 2.652 ; Fall       ; inst1           ;
; Q2        ; inst1      ; 5.243 ; 5.370 ; Fall       ; inst1           ;
; Q0        ; inst52     ; 3.257 ;       ; Rise       ; inst52          ;
; Q0        ; inst52     ;       ; 3.258 ; Fall       ; inst52          ;
+-----------+------------+-------+-------+------------+-----------------+


+-----------------------------------------------------------------------+
; Minimum Clock to Output Times                                         ;
+-----------+------------+-------+-------+------------+-----------------+
; Data Port ; Clock Port ; Rise  ; Fall  ; Clock Edge ; Clock Reference ;
+-----------+------------+-------+-------+------------+-----------------+
; Q1        ; inst1      ; 2.604 ;       ; Rise       ; inst1           ;
; Q1        ; inst1      ;       ; 2.634 ; Fall       ; inst1           ;
; Q2        ; inst1      ; 5.161 ; 5.286 ; Fall       ; inst1           ;
; Q0        ; inst52     ; 3.216 ;       ; Rise       ; inst52          ;
; Q0        ; inst52     ;       ; 3.216 ; Fall       ; inst52          ;
+-----------+------------+-------+-------+------------+-----------------+


----------------------------------------------
; Slow 1200mV 85C Model Metastability Report ;
----------------------------------------------
No synchronizer chains to report.


+---------------------------------------------------------------------------------------------+
; Slow 1200mV 0C Model Fmax Summary                                                           ;
+-------------+-----------------+------------+------------------------------------------------+
; Fmax        ; Restricted Fmax ; Clock Name ; Note                                           ;
+-------------+-----------------+------------+------------------------------------------------+
; 1661.13 MHz ; 500.0 MHz       ; inst1      ; limit due to minimum period restriction (tmin) ;
+-------------+-----------------+------------+------------------------------------------------+
This panel reports FMAX for every clock in the design, regardless of the user-specified clock periods.  FMAX is only computed for paths where the source and destination registers or ports are driven by the same clock.  Paths of different clocks, including generated clocks, are ignored.  For paths between a clock and its inversion, FMAX is computed as if the rising and falling edges are scaled along with FMAX, such that the duty cycle (in terms of a percentage) is maintained. Altera recommends that you always use clock constraints and other slack reports for sign-off analysis.


+------------------------------------+
; Slow 1200mV 0C Model Setup Summary ;
+--------+-------+-------------------+
; Clock  ; Slack ; End Point TNS     ;
+--------+-------+-------------------+
; CLK    ; 0.099 ; 0.000             ;
; inst52 ; 0.108 ; 0.000             ;
; inst1  ; 0.398 ; 0.000             ;
+--------+-------+-------------------+


+-----------------------------------+
; Slow 1200mV 0C Model Hold Summary ;
+--------+--------+-----------------+
; Clock  ; Slack  ; End Point TNS   ;
+--------+--------+-----------------+
; CLK    ; -0.076 ; -0.076          ;
; inst52 ; 0.100  ; 0.000           ;
; inst1  ; 0.341  ; 0.000           ;
+--------+--------+-----------------+


+---------------------------------------+
; Slow 1200mV 0C Model Recovery Summary ;
+--------+--------+---------------------+
; Clock  ; Slack  ; End Point TNS       ;
+--------+--------+---------------------+
; inst52 ; -0.784 ; -0.784              ;
; inst1  ; -0.664 ; -0.664              ;
; CLK    ; -0.317 ; -0.317              ;
+--------+--------+---------------------+


+--------------------------------------+
; Slow 1200mV 0C Model Removal Summary ;
+--------+--------+--------------------+
; Clock  ; Slack  ; End Point TNS      ;
+--------+--------+--------------------+
; CLK    ; -0.698 ; -0.698             ;
; inst1  ; 0.312  ; 0.000              ;
; inst52 ; 0.425  ; 0.000              ;
+--------+--------+--------------------+


+--------------------------------------------------+
; Slow 1200mV 0C Model Minimum Pulse Width Summary ;
+--------+--------+--------------------------------+
; Clock  ; Slack  ; End Point TNS                  ;
+--------+--------+--------------------------------+
; CLK    ; -3.000 ; -4.000                         ;
; inst1  ; -1.000 ; -1.000                         ;
; inst52 ; -1.000 ; -1.000                         ;
+--------+--------+--------------------------------+


+---------------------------------------------------------------------------------------------------+
; Slow 1200mV 0C Model Setup: 'CLK'                                                                 ;
+-------+-----------+---------+--------------+-------------+--------------+------------+------------+
; Slack ; From Node ; To Node ; Launch Clock ; Latch Clock ; Relationship ; Clock Skew ; Data Delay ;
+-------+-----------+---------+--------------+-------------+--------------+------------+------------+
; 0.099 ; inst52    ; inst52  ; inst52       ; CLK         ; 0.500        ; 1.684      ; 2.260      ;
; 0.613 ; inst52    ; inst52  ; inst52       ; CLK         ; 1.000        ; 1.684      ; 2.246      ;
+-------+-----------+---------+--------------+-------------+--------------+------------+------------+


+---------------------------------------------------------------------------------------------------+
; Slow 1200mV 0C Model Setup: 'inst52'                                                              ;
+-------+-----------+---------+--------------+-------------+--------------+------------+------------+
; Slack ; From Node ; To Node ; Launch Clock ; Latch Clock ; Relationship ; Clock Skew ; Data Delay ;
+-------+-----------+---------+--------------+-------------+--------------+------------+------------+
; 0.108 ; inst1     ; inst1   ; inst1        ; inst52      ; 0.500        ; 0.697      ; 1.284      ;
; 0.614 ; inst1     ; inst1   ; inst1        ; inst52      ; 1.000        ; 0.697      ; 1.278      ;
+-------+-----------+---------+--------------+-------------+--------------+------------+------------+


+---------------------------------------------------------------------------------------------------+
; Slow 1200mV 0C Model Setup: 'inst1'                                                               ;
+-------+-----------+---------+--------------+-------------+--------------+------------+------------+
; Slack ; From Node ; To Node ; Launch Clock ; Latch Clock ; Relationship ; Clock Skew ; Data Delay ;
+-------+-----------+---------+--------------+-------------+--------------+------------+------------+
; 0.398 ; inst2     ; inst2   ; inst1        ; inst1       ; 1.000        ; -0.034     ; 0.583      ;
+-------+-----------+---------+--------------+-------------+--------------+------------+------------+


+----------------------------------------------------------------------------------------------------+
; Slow 1200mV 0C Model Hold: 'CLK'                                                                   ;
+--------+-----------+---------+--------------+-------------+--------------+------------+------------+
; Slack  ; From Node ; To Node ; Launch Clock ; Latch Clock ; Relationship ; Clock Skew ; Data Delay ;
+--------+-----------+---------+--------------+-------------+--------------+------------+------------+
; -0.076 ; inst52    ; inst52  ; inst52       ; CLK         ; 0.000        ; 1.741      ; 2.009      ;
; 0.460  ; inst52    ; inst52  ; inst52       ; CLK         ; -0.500       ; 1.741      ; 2.045      ;
+--------+-----------+---------+--------------+-------------+--------------+------------+------------+


+---------------------------------------------------------------------------------------------------+
; Slow 1200mV 0C Model Hold: 'inst52'                                                               ;
+-------+-----------+---------+--------------+-------------+--------------+------------+------------+
; Slack ; From Node ; To Node ; Launch Clock ; Latch Clock ; Relationship ; Clock Skew ; Data Delay ;
+-------+-----------+---------+--------------+-------------+--------------+------------+------------+
; 0.100 ; inst1     ; inst1   ; inst1        ; inst52      ; 0.000        ; 0.742      ; 1.166      ;
; 0.581 ; inst1     ; inst1   ; inst1        ; inst52      ; -0.500       ; 0.742      ; 1.147      ;
+-------+-----------+---------+--------------+-------------+--------------+------------+------------+


+---------------------------------------------------------------------------------------------------+
; Slow 1200mV 0C Model Hold: 'inst1'                                                                ;
+-------+-----------+---------+--------------+-------------+--------------+------------+------------+
; Slack ; From Node ; To Node ; Launch Clock ; Latch Clock ; Relationship ; Clock Skew ; Data Delay ;
+-------+-----------+---------+--------------+-------------+--------------+------------+------------+
; 0.341 ; inst2     ; inst2   ; inst1        ; inst1       ; 0.000        ; 0.034      ; 0.519      ;
+-------+-----------+---------+--------------+-------------+--------------+------------+------------+


+----------------------------------------------------------------------------------------------------+
; Slow 1200mV 0C Model Recovery: 'inst52'                                                            ;
+--------+-----------+---------+--------------+-------------+--------------+------------+------------+
; Slack  ; From Node ; To Node ; Launch Clock ; Latch Clock ; Relationship ; Clock Skew ; Data Delay ;
+--------+-----------+---------+--------------+-------------+--------------+------------+------------+
; -0.784 ; inst2     ; inst1   ; inst1        ; inst52      ; 1.000        ; -0.253     ; 1.546      ;
; -0.053 ; inst1     ; inst1   ; inst1        ; inst52      ; 0.500        ; 0.697      ; 1.445      ;
; 0.334  ; inst1     ; inst1   ; inst1        ; inst52      ; 1.000        ; 0.697      ; 1.558      ;
+--------+-----------+---------+--------------+-------------+--------------+------------+------------+


+----------------------------------------------------------------------------------------------------+
; Slow 1200mV 0C Model Recovery: 'inst1'                                                             ;
+--------+-----------+---------+--------------+-------------+--------------+------------+------------+
; Slack  ; From Node ; To Node ; Launch Clock ; Latch Clock ; Relationship ; Clock Skew ; Data Delay ;
+--------+-----------+---------+--------------+-------------+--------------+------------+------------+
; -0.664 ; inst2     ; inst2   ; inst1        ; inst1       ; 1.000        ; -0.034     ; 1.645      ;
; 0.010  ; inst1     ; inst2   ; inst1        ; inst1       ; 0.500        ; 0.897      ; 1.582      ;
; 0.435  ; inst1     ; inst2   ; inst1        ; inst1       ; 1.000        ; 0.897      ; 1.657      ;
+--------+-----------+---------+--------------+-------------+--------------+------------+------------+


+----------------------------------------------------------------------------------------------------+
; Slow 1200mV 0C Model Recovery: 'CLK'                                                               ;
+--------+-----------+---------+--------------+-------------+--------------+------------+------------+
; Slack  ; From Node ; To Node ; Launch Clock ; Latch Clock ; Relationship ; Clock Skew ; Data Delay ;
+--------+-----------+---------+--------------+-------------+--------------+------------+------------+
; -0.317 ; inst2     ; inst52  ; inst1        ; CLK         ; 0.500        ; 0.734      ; 1.546      ;
; 0.801  ; inst1     ; inst52  ; inst1        ; CLK         ; 0.500        ; 1.684      ; 1.558      ;
; 1.414  ; inst1     ; inst52  ; inst1        ; CLK         ; 1.000        ; 1.684      ; 1.445      ;
+--------+-----------+---------+--------------+-------------+--------------+------------+------------+


+----------------------------------------------------------------------------------------------------+
; Slow 1200mV 0C Model Removal: 'CLK'                                                                ;
+--------+-----------+---------+--------------+-------------+--------------+------------+------------+
; Slack  ; From Node ; To Node ; Launch Clock ; Latch Clock ; Relationship ; Clock Skew ; Data Delay ;
+--------+-----------+---------+--------------+-------------+--------------+------------+------------+
; -0.698 ; inst1     ; inst52  ; inst1        ; CLK         ; 0.000        ; 1.741      ; 1.387      ;
; -0.094 ; inst1     ; inst52  ; inst1        ; CLK         ; -0.500       ; 1.741      ; 1.491      ;
; 0.923  ; inst2     ; inst52  ; inst1        ; CLK         ; -0.500       ; 0.844      ; 1.431      ;
+--------+-----------+---------+--------------+-------------+--------------+------------+------------+


+---------------------------------------------------------------------------------------------------+
; Slow 1200mV 0C Model Removal: 'inst1'                                                             ;
+-------+-----------+---------+--------------+-------------+--------------+------------+------------+
; Slack ; From Node ; To Node ; Launch Clock ; Latch Clock ; Relationship ; Clock Skew ; Data Delay ;
+-------+-----------+---------+--------------+-------------+--------------+------------+------------+
; 0.312 ; inst1     ; inst2   ; inst1        ; inst1       ; 0.000        ; 0.950      ; 1.586      ;
; 0.744 ; inst1     ; inst2   ; inst1        ; inst1       ; -0.500       ; 0.950      ; 1.518      ;
; 1.384 ; inst2     ; inst2   ; inst1        ; inst1       ; 0.000        ; 0.034      ; 1.562      ;
+-------+-----------+---------+--------------+-------------+--------------+------------+------------+


+---------------------------------------------------------------------------------------------------+
; Slow 1200mV 0C Model Removal: 'inst52'                                                            ;
+-------+-----------+---------+--------------+-------------+--------------+------------+------------+
; Slack ; From Node ; To Node ; Launch Clock ; Latch Clock ; Relationship ; Clock Skew ; Data Delay ;
+-------+-----------+---------+--------------+-------------+--------------+------------+------------+
; 0.425 ; inst1     ; inst1   ; inst1        ; inst52      ; 0.000        ; 0.742      ; 1.491      ;
; 0.821 ; inst1     ; inst1   ; inst1        ; inst52      ; -0.500       ; 0.742      ; 1.387      ;
; 1.442 ; inst2     ; inst1   ; inst1        ; inst52      ; 0.000        ; -0.155     ; 1.431      ;
+-------+-----------+---------+--------------+-------------+--------------+------------+------------+


+----------------------------------------------------------------------------------------------+
; Slow 1200mV 0C Model Minimum Pulse Width: 'CLK'                                              ;
+--------+--------------+----------------+------------------+-------+------------+-------------+
; Slack  ; Actual Width ; Required Width ; Type             ; Clock ; Clock Edge ; Target      ;
+--------+--------------+----------------+------------------+-------+------------+-------------+
; -3.000 ; 1.000        ; 4.000          ; Port Rate        ; CLK   ; Rise       ; CLK         ;
; -1.000 ; 1.000        ; 2.000          ; Min Period       ; CLK   ; Rise       ; inst52      ;
; 0.209  ; 0.393        ; 0.184          ; Low Pulse Width  ; CLK   ; Rise       ; inst52      ;
; 0.339  ; 0.339        ; 0.000          ; Low Pulse Width  ; CLK   ; Rise       ; CLK~input|o ;
; 0.369  ; 0.369        ; 0.000          ; Low Pulse Width  ; CLK   ; Rise       ; inst52|clk  ;
; 0.389  ; 0.605        ; 0.216          ; High Pulse Width ; CLK   ; Rise       ; inst52      ;
; 0.500  ; 0.500        ; 0.000          ; High Pulse Width ; CLK   ; Rise       ; CLK~input|i ;
; 0.500  ; 0.500        ; 0.000          ; Low Pulse Width  ; CLK   ; Rise       ; CLK~input|i ;
; 0.629  ; 0.629        ; 0.000          ; High Pulse Width ; CLK   ; Rise       ; inst52|clk  ;
; 0.661  ; 0.661        ; 0.000          ; High Pulse Width ; CLK   ; Rise       ; CLK~input|o ;
+--------+--------------+----------------+------------------+-------+------------+-------------+


+--------------------------------------------------------------------------------------------+
; Slow 1200mV 0C Model Minimum Pulse Width: 'inst1'                                          ;
+--------+--------------+----------------+------------------+-------+------------+-----------+
; Slack  ; Actual Width ; Required Width ; Type             ; Clock ; Clock Edge ; Target    ;
+--------+--------------+----------------+------------------+-------+------------+-----------+
; -1.000 ; 1.000        ; 2.000          ; Min Period       ; inst1 ; Fall       ; inst2     ;
; 0.252  ; 0.468        ; 0.216          ; High Pulse Width ; inst1 ; Fall       ; inst2     ;
; 0.347  ; 0.531        ; 0.184          ; Low Pulse Width  ; inst1 ; Fall       ; inst2     ;
; 0.453  ; 0.453        ; 0.000          ; Low Pulse Width  ; inst1 ; Rise       ; inst2|clk ;
; 0.500  ; 0.500        ; 0.000          ; High Pulse Width ; inst1 ; Rise       ; inst1|q   ;
; 0.500  ; 0.500        ; 0.000          ; Low Pulse Width  ; inst1 ; Rise       ; inst1|q   ;
; 0.545  ; 0.545        ; 0.000          ; High Pulse Width ; inst1 ; Rise       ; inst2|clk ;
+--------+--------------+----------------+------------------+-------+------------+-----------+


+---------------------------------------------------------------------------------------------+
; Slow 1200mV 0C Model Minimum Pulse Width: 'inst52'                                          ;
+--------+--------------+----------------+------------------+--------+------------+-----------+
; Slack  ; Actual Width ; Required Width ; Type             ; Clock  ; Clock Edge ; Target    ;
+--------+--------------+----------------+------------------+--------+------------+-----------+
; -1.000 ; 1.000        ; 2.000          ; Min Period       ; inst52 ; Fall       ; inst1     ;
; 0.247  ; 0.463        ; 0.216          ; High Pulse Width ; inst52 ; Fall       ; inst1     ;
; 0.352  ; 0.536        ; 0.184          ; Low Pulse Width  ; inst52 ; Fall       ; inst1     ;
; 0.448  ; 0.448        ; 0.000          ; Low Pulse Width  ; inst52 ; Rise       ; inst1|clk ;
; 0.500  ; 0.500        ; 0.000          ; High Pulse Width ; inst52 ; Rise       ; inst52|q  ;
; 0.500  ; 0.500        ; 0.000          ; Low Pulse Width  ; inst52 ; Rise       ; inst52|q  ;
; 0.550  ; 0.550        ; 0.000          ; High Pulse Width ; inst52 ; Rise       ; inst1|clk ;
+--------+--------------+----------------+------------------+--------+------------+-----------+


+-----------------------------------------------------------------------+
; Clock to Output Times                                                 ;
+-----------+------------+-------+-------+------------+-----------------+
; Data Port ; Clock Port ; Rise  ; Fall  ; Clock Edge ; Clock Reference ;
+-----------+------------+-------+-------+------------+-----------------+
; Q1        ; inst1      ; 2.586 ;       ; Rise       ; inst1           ;
; Q1        ; inst1      ;       ; 2.601 ; Fall       ; inst1           ;
; Q2        ; inst1      ; 5.076 ; 5.171 ; Fall       ; inst1           ;
; Q0        ; inst52     ; 3.181 ;       ; Rise       ; inst52          ;
; Q0        ; inst52     ;       ; 3.143 ; Fall       ; inst52          ;
+-----------+------------+-------+-------+------------+-----------------+


+-----------------------------------------------------------------------+
; Minimum Clock to Output Times                                         ;
+-----------+------------+-------+-------+------------+-----------------+
; Data Port ; Clock Port ; Rise  ; Fall  ; Clock Edge ; Clock Reference ;
+-----------+------------+-------+-------+------------+-----------------+
; Q1        ; inst1      ; 2.571 ;       ; Rise       ; inst1           ;
; Q1        ; inst1      ;       ; 2.585 ; Fall       ; inst1           ;
; Q2        ; inst1      ; 5.003 ; 5.097 ; Fall       ; inst1           ;
; Q0        ; inst52     ; 3.143 ;       ; Rise       ; inst52          ;
; Q0        ; inst52     ;       ; 3.106 ; Fall       ; inst52          ;
+-----------+------------+-------+-------+------------+-----------------+


---------------------------------------------
; Slow 1200mV 0C Model Metastability Report ;
---------------------------------------------
No synchronizer chains to report.


+------------------------------------+
; Fast 1200mV 0C Model Setup Summary ;
+--------+-------+-------------------+
; Clock  ; Slack ; End Point TNS     ;
+--------+-------+-------------------+
; CLK    ; 0.198 ; 0.000             ;
; inst52 ; 0.282 ; 0.000             ;
; inst1  ; 0.624 ; 0.000             ;
+--------+-------+-------------------+


+-----------------------------------+
; Fast 1200mV 0C Model Hold Summary ;
+--------+--------+-----------------+
; Clock  ; Slack  ; End Point TNS   ;
+--------+--------+-----------------+
; CLK    ; -0.006 ; -0.006          ;
; inst52 ; 0.044  ; 0.000           ;
; inst1  ; 0.206  ; 0.000           ;
+--------+--------+-----------------+


+---------------------------------------+
; Fast 1200mV 0C Model Recovery Summary ;
+--------+--------+---------------------+
; Clock  ; Slack  ; End Point TNS       ;
+--------+--------+---------------------+
; inst52 ; -0.131 ; -0.131              ;
; CLK    ; -0.120 ; -0.120              ;
; inst1  ; -0.052 ; -0.052              ;
+--------+--------+---------------------+


+--------------------------------------+
; Fast 1200mV 0C Model Removal Summary ;
+--------+--------+--------------------+
; Clock  ; Slack  ; End Point TNS      ;
+--------+--------+--------------------+
; CLK    ; -0.370 ; -0.370             ;
; inst1  ; 0.182  ; 0.000              ;
; inst52 ; 0.256  ; 0.000              ;
+--------+--------+--------------------+


+--------------------------------------------------+
; Fast 1200mV 0C Model Minimum Pulse Width Summary ;
+--------+--------+--------------------------------+
; Clock  ; Slack  ; End Point TNS                  ;
+--------+--------+--------------------------------+
; CLK    ; -3.000 ; -4.080                         ;
; inst1  ; -1.000 ; -1.000                         ;
; inst52 ; -1.000 ; -1.000                         ;
+--------+--------+--------------------------------+


+---------------------------------------------------------------------------------------------------+
; Fast 1200mV 0C Model Setup: 'CLK'                                                                 ;
+-------+-----------+---------+--------------+-------------+--------------+------------+------------+
; Slack ; From Node ; To Node ; Launch Clock ; Latch Clock ; Relationship ; Clock Skew ; Data Delay ;
+-------+-----------+---------+--------------+-------------+--------------+------------+------------+
; 0.198 ; inst52    ; inst52  ; inst52       ; CLK         ; 0.500        ; 0.974      ; 1.368      ;
; 0.702 ; inst52    ; inst52  ; inst52       ; CLK         ; 1.000        ; 0.974      ; 1.364      ;
+-------+-----------+---------+--------------+-------------+--------------+------------+------------+


+---------------------------------------------------------------------------------------------------+
; Fast 1200mV 0C Model Setup: 'inst52'                                                              ;
+-------+-----------+---------+--------------+-------------+--------------+------------+------------+
; Slack ; From Node ; To Node ; Launch Clock ; Latch Clock ; Relationship ; Clock Skew ; Data Delay ;
+-------+-----------+---------+--------------+-------------+--------------+------------+------------+
; 0.282 ; inst1     ; inst1   ; inst1        ; inst52      ; 0.500        ; 0.443      ; 0.773      ;
; 0.781 ; inst1     ; inst1   ; inst1        ; inst52      ; 1.000        ; 0.443      ; 0.774      ;
+-------+-----------+---------+--------------+-------------+--------------+------------+------------+


+---------------------------------------------------------------------------------------------------+
; Fast 1200mV 0C Model Setup: 'inst1'                                                               ;
+-------+-----------+---------+--------------+-------------+--------------+------------+------------+
; Slack ; From Node ; To Node ; Launch Clock ; Latch Clock ; Relationship ; Clock Skew ; Data Delay ;
+-------+-----------+---------+--------------+-------------+--------------+------------+------------+
; 0.624 ; inst2     ; inst2   ; inst1        ; inst1       ; 1.000        ; -0.024     ; 0.359      ;
+-------+-----------+---------+--------------+-------------+--------------+------------+------------+


+----------------------------------------------------------------------------------------------------+
; Fast 1200mV 0C Model Hold: 'CLK'                                                                   ;
+--------+-----------+---------+--------------+-------------+--------------+------------+------------+
; Slack  ; From Node ; To Node ; Launch Clock ; Latch Clock ; Relationship ; Clock Skew ; Data Delay ;
+--------+-----------+---------+--------------+-------------+--------------+------------+------------+
; -0.006 ; inst52    ; inst52  ; inst52       ; CLK         ; 0.000        ; 1.012      ; 1.215      ;
; 0.515  ; inst52    ; inst52  ; inst52       ; CLK         ; -0.500       ; 1.012      ; 1.236      ;
+--------+-----------+---------+--------------+-------------+--------------+------------+------------+


+---------------------------------------------------------------------------------------------------+
; Fast 1200mV 0C Model Hold: 'inst52'                                                               ;
+-------+-----------+---------+--------------+-------------+--------------+------------+------------+
; Slack ; From Node ; To Node ; Launch Clock ; Latch Clock ; Relationship ; Clock Skew ; Data Delay ;
+-------+-----------+---------+--------------+-------------+--------------+------------+------------+
; 0.044 ; inst1     ; inst1   ; inst1        ; inst52      ; 0.000        ; 0.474      ; 0.707      ;
; 0.523 ; inst1     ; inst1   ; inst1        ; inst52      ; -0.500       ; 0.474      ; 0.686      ;
+-------+-----------+---------+--------------+-------------+--------------+------------+------------+


+---------------------------------------------------------------------------------------------------+
; Fast 1200mV 0C Model Hold: 'inst1'                                                                ;
+-------+-----------+---------+--------------+-------------+--------------+------------+------------+
; Slack ; From Node ; To Node ; Launch Clock ; Latch Clock ; Relationship ; Clock Skew ; Data Delay ;
+-------+-----------+---------+--------------+-------------+--------------+------------+------------+
; 0.206 ; inst2     ; inst2   ; inst1        ; inst1       ; 0.000        ; 0.024      ; 0.314      ;
+-------+-----------+---------+--------------+-------------+--------------+------------+------------+


+----------------------------------------------------------------------------------------------------+
; Fast 1200mV 0C Model Recovery: 'inst52'                                                            ;
+--------+-----------+---------+--------------+-------------+--------------+------------+------------+
; Slack  ; From Node ; To Node ; Launch Clock ; Latch Clock ; Relationship ; Clock Skew ; Data Delay ;
+--------+-----------+---------+--------------+-------------+--------------+------------+------------+
; -0.131 ; inst2     ; inst1   ; inst1        ; inst52      ; 1.000        ; -0.170     ; 0.968      ;
; 0.168  ; inst1     ; inst1   ; inst1        ; inst52      ; 0.500        ; 0.443      ; 0.887      ;
; 0.592  ; inst1     ; inst1   ; inst1        ; inst52      ; 1.000        ; 0.443      ; 0.963      ;
+--------+-----------+---------+--------------+-------------+--------------+------------+------------+


+----------------------------------------------------------------------------------------------------+
; Fast 1200mV 0C Model Recovery: 'CLK'                                                               ;
+--------+-----------+---------+--------------+-------------+--------------+------------+------------+
; Slack  ; From Node ; To Node ; Launch Clock ; Latch Clock ; Relationship ; Clock Skew ; Data Delay ;
+--------+-----------+---------+--------------+-------------+--------------+------------+------------+
; -0.120 ; inst2     ; inst52  ; inst1        ; CLK         ; 0.500        ; 0.361      ; 0.968      ;
; 0.603  ; inst1     ; inst52  ; inst1        ; CLK         ; 0.500        ; 0.974      ; 0.963      ;
; 1.179  ; inst1     ; inst52  ; inst1        ; CLK         ; 1.000        ; 0.974      ; 0.887      ;
+--------+-----------+---------+--------------+-------------+--------------+------------+------------+


+----------------------------------------------------------------------------------------------------+
; Fast 1200mV 0C Model Recovery: 'inst1'                                                             ;
+--------+-----------+---------+--------------+-------------+--------------+------------+------------+
; Slack  ; From Node ; To Node ; Launch Clock ; Latch Clock ; Relationship ; Clock Skew ; Data Delay ;
+--------+-----------+---------+--------------+-------------+--------------+------------+------------+
; -0.052 ; inst2     ; inst2   ; inst1        ; inst1       ; 1.000        ; -0.024     ; 1.035      ;
; 0.234  ; inst1     ; inst2   ; inst1        ; inst1       ; 0.500        ; 0.577      ; 0.955      ;
; 0.659  ; inst1     ; inst2   ; inst1        ; inst1       ; 1.000        ; 0.577      ; 1.030      ;
+--------+-----------+---------+--------------+-------------+--------------+------------+------------+


+----------------------------------------------------------------------------------------------------+
; Fast 1200mV 0C Model Removal: 'CLK'                                                                ;
+--------+-----------+---------+--------------+-------------+--------------+------------+------------+
; Slack  ; From Node ; To Node ; Launch Clock ; Latch Clock ; Relationship ; Clock Skew ; Data Delay ;
+--------+-----------+---------+--------------+-------------+--------------+------------+------------+
; -0.370 ; inst1     ; inst52  ; inst1        ; CLK         ; 0.000        ; 1.012      ; 0.851      ;
; 0.198  ; inst1     ; inst52  ; inst1        ; CLK         ; -0.500       ; 1.012      ; 0.919      ;
; 0.818  ; inst2     ; inst52  ; inst1        ; CLK         ; -0.500       ; 0.435      ; 0.857      ;
+--------+-----------+---------+--------------+-------------+--------------+------------+------------+


+---------------------------------------------------------------------------------------------------+
; Fast 1200mV 0C Model Removal: 'inst1'                                                             ;
+-------+-----------+---------+--------------+-------------+--------------+------------+------------+
; Slack ; From Node ; To Node ; Launch Clock ; Latch Clock ; Relationship ; Clock Skew ; Data Delay ;
+-------+-----------+---------+--------------+-------------+--------------+------------+------------+
; 0.182 ; inst1     ; inst2   ; inst1        ; inst1       ; 0.000        ; 0.613      ; 0.984      ;
; 0.615 ; inst1     ; inst2   ; inst1        ; inst1       ; -0.500       ; 0.613      ; 0.917      ;
; 0.815 ; inst2     ; inst2   ; inst1        ; inst1       ; 0.000        ; 0.024      ; 0.923      ;
+-------+-----------+---------+--------------+-------------+--------------+------------+------------+


+---------------------------------------------------------------------------------------------------+
; Fast 1200mV 0C Model Removal: 'inst52'                                                            ;
+-------+-----------+---------+--------------+-------------+--------------+------------+------------+
; Slack ; From Node ; To Node ; Launch Clock ; Latch Clock ; Relationship ; Clock Skew ; Data Delay ;
+-------+-----------+---------+--------------+-------------+--------------+------------+------------+
; 0.256 ; inst1     ; inst1   ; inst1        ; inst52      ; 0.000        ; 0.474      ; 0.919      ;
; 0.688 ; inst1     ; inst1   ; inst1        ; inst52      ; -0.500       ; 0.474      ; 0.851      ;
; 0.876 ; inst2     ; inst1   ; inst1        ; inst52      ; 0.000        ; -0.103     ; 0.857      ;
+-------+-----------+---------+--------------+-------------+--------------+------------+------------+


+----------------------------------------------------------------------------------------------+
; Fast 1200mV 0C Model Minimum Pulse Width: 'CLK'                                              ;
+--------+--------------+----------------+------------------+-------+------------+-------------+
; Slack  ; Actual Width ; Required Width ; Type             ; Clock ; Clock Edge ; Target      ;
+--------+--------------+----------------+------------------+-------+------------+-------------+
; -3.000 ; 1.000        ; 4.000          ; Port Rate        ; CLK   ; Rise       ; CLK         ;
; -1.000 ; 1.000        ; 2.000          ; Min Period       ; CLK   ; Rise       ; inst52      ;
; -0.080 ; 0.104        ; 0.184          ; Low Pulse Width  ; CLK   ; Rise       ; inst52      ;
; 0.099  ; 0.099        ; 0.000          ; Low Pulse Width  ; CLK   ; Rise       ; inst52|clk  ;
; 0.118  ; 0.118        ; 0.000          ; Low Pulse Width  ; CLK   ; Rise       ; CLK~input|o ;
; 0.500  ; 0.500        ; 0.000          ; High Pulse Width ; CLK   ; Rise       ; CLK~input|i ;
; 0.500  ; 0.500        ; 0.000          ; Low Pulse Width  ; CLK   ; Rise       ; CLK~input|i ;
; 0.679  ; 0.895        ; 0.216          ; High Pulse Width ; CLK   ; Rise       ; inst52      ;
; 0.882  ; 0.882        ; 0.000          ; High Pulse Width ; CLK   ; Rise       ; CLK~input|o ;
; 0.900  ; 0.900        ; 0.000          ; High Pulse Width ; CLK   ; Rise       ; inst52|clk  ;
+--------+--------------+----------------+------------------+-------+------------+-------------+


+--------------------------------------------------------------------------------------------+
; Fast 1200mV 0C Model Minimum Pulse Width: 'inst1'                                          ;
+--------+--------------+----------------+------------------+-------+------------+-----------+
; Slack  ; Actual Width ; Required Width ; Type             ; Clock ; Clock Edge ; Target    ;
+--------+--------------+----------------+------------------+-------+------------+-----------+
; -1.000 ; 1.000        ; 2.000          ; Min Period       ; inst1 ; Fall       ; inst2     ;
; 0.220  ; 0.436        ; 0.216          ; High Pulse Width ; inst1 ; Fall       ; inst2     ;
; 0.379  ; 0.563        ; 0.184          ; Low Pulse Width  ; inst1 ; Fall       ; inst2     ;
; 0.441  ; 0.441        ; 0.000          ; Low Pulse Width  ; inst1 ; Rise       ; inst2|clk ;
; 0.500  ; 0.500        ; 0.000          ; High Pulse Width ; inst1 ; Rise       ; inst1|q   ;
; 0.500  ; 0.500        ; 0.000          ; Low Pulse Width  ; inst1 ; Rise       ; inst1|q   ;
; 0.557  ; 0.557        ; 0.000          ; High Pulse Width ; inst1 ; Rise       ; inst2|clk ;
+--------+--------------+----------------+------------------+-------+------------+-----------+


+---------------------------------------------------------------------------------------------+
; Fast 1200mV 0C Model Minimum Pulse Width: 'inst52'                                          ;
+--------+--------------+----------------+------------------+--------+------------+-----------+
; Slack  ; Actual Width ; Required Width ; Type             ; Clock  ; Clock Edge ; Target    ;
+--------+--------------+----------------+------------------+--------+------------+-----------+
; -1.000 ; 1.000        ; 2.000          ; Min Period       ; inst52 ; Fall       ; inst1     ;
; 0.247  ; 0.463        ; 0.216          ; High Pulse Width ; inst52 ; Fall       ; inst1     ;
; 0.352  ; 0.536        ; 0.184          ; Low Pulse Width  ; inst52 ; Fall       ; inst1     ;
; 0.468  ; 0.468        ; 0.000          ; Low Pulse Width  ; inst52 ; Rise       ; inst1|clk ;
; 0.500  ; 0.500        ; 0.000          ; High Pulse Width ; inst52 ; Rise       ; inst52|q  ;
; 0.500  ; 0.500        ; 0.000          ; Low Pulse Width  ; inst52 ; Rise       ; inst52|q  ;
; 0.530  ; 0.530        ; 0.000          ; High Pulse Width ; inst52 ; Rise       ; inst1|clk ;
+--------+--------------+----------------+------------------+--------+------------+-----------+


+-----------------------------------------------------------------------+
; Clock to Output Times                                                 ;
+-----------+------------+-------+-------+------------+-----------------+
; Data Port ; Clock Port ; Rise  ; Fall  ; Clock Edge ; Clock Reference ;
+-----------+------------+-------+-------+------------+-----------------+
; Q1        ; inst1      ; 1.668 ;       ; Rise       ; inst1           ;
; Q1        ; inst1      ;       ; 1.688 ; Fall       ; inst1           ;
; Q2        ; inst1      ; 3.285 ; 3.450 ; Fall       ; inst1           ;
; Q0        ; inst52     ; 2.012 ;       ; Rise       ; inst52          ;
; Q0        ; inst52     ;       ; 2.066 ; Fall       ; inst52          ;
+-----------+------------+-------+-------+------------+-----------------+


+-----------------------------------------------------------------------+
; Minimum Clock to Output Times                                         ;
+-----------+------------+-------+-------+------------+-----------------+
; Data Port ; Clock Port ; Rise  ; Fall  ; Clock Edge ; Clock Reference ;
+-----------+------------+-------+-------+------------+-----------------+
; Q1        ; inst1      ; 1.659 ;       ; Rise       ; inst1           ;
; Q1        ; inst1      ;       ; 1.678 ; Fall       ; inst1           ;
; Q2        ; inst1      ; 3.237 ; 3.401 ; Fall       ; inst1           ;
; Q0        ; inst52     ; 1.990 ;       ; Rise       ; inst52          ;
; Q0        ; inst52     ;       ; 2.042 ; Fall       ; inst52          ;
+-----------+------------+-------+-------+------------+-----------------+


---------------------------------------------
; Fast 1200mV 0C Model Metastability Report ;
---------------------------------------------
No synchronizer chains to report.


+-------------------------------------------------------------------------------+
; Multicorner Timing Analysis Summary                                           ;
+------------------+--------+--------+----------+---------+---------------------+
; Clock            ; Setup  ; Hold   ; Recovery ; Removal ; Minimum Pulse Width ;
+------------------+--------+--------+----------+---------+---------------------+
; Worst-case Slack ; -0.035 ; -0.076 ; -1.000   ; -0.698  ; -3.000              ;
;  CLK             ; -0.035 ; -0.076 ; -0.535   ; -0.698  ; -3.000              ;
;  inst1           ; 0.317  ; 0.206  ; -0.867   ; 0.182   ; -1.000              ;
;  inst52          ; 0.071  ; 0.044  ; -1.000   ; 0.256   ; -1.000              ;
; Design-wide TNS  ; -0.035 ; -0.076 ; -2.402   ; -0.698  ; -6.08               ;
;  CLK             ; -0.035 ; -0.076 ; -0.535   ; -0.698  ; -4.080              ;
;  inst1           ; 0.000  ; 0.000  ; -0.867   ; 0.000   ; -1.000              ;
;  inst52          ; 0.000  ; 0.000  ; -1.000   ; 0.000   ; -1.000              ;
+------------------+--------+--------+----------+---------+---------------------+


+-----------------------------------------------------------------------+
; Clock to Output Times                                                 ;
+-----------+------------+-------+-------+------------+-----------------+
; Data Port ; Clock Port ; Rise  ; Fall  ; Clock Edge ; Clock Reference ;
+-----------+------------+-------+-------+------------+-----------------+
; Q1        ; inst1      ; 2.621 ;       ; Rise       ; inst1           ;
; Q1        ; inst1      ;       ; 2.652 ; Fall       ; inst1           ;
; Q2        ; inst1      ; 5.243 ; 5.370 ; Fall       ; inst1           ;
; Q0        ; inst52     ; 3.257 ;       ; Rise       ; inst52          ;
; Q0        ; inst52     ;       ; 3.258 ; Fall       ; inst52          ;
+-----------+------------+-------+-------+------------+-----------------+


+-----------------------------------------------------------------------+
; Minimum Clock to Output Times                                         ;
+-----------+------------+-------+-------+------------+-----------------+
; Data Port ; Clock Port ; Rise  ; Fall  ; Clock Edge ; Clock Reference ;
+-----------+------------+-------+-------+------------+-----------------+
; Q1        ; inst1      ; 1.659 ;       ; Rise       ; inst1           ;
; Q1        ; inst1      ;       ; 1.678 ; Fall       ; inst1           ;
; Q2        ; inst1      ; 3.237 ; 3.401 ; Fall       ; inst1           ;
; Q0        ; inst52     ; 1.990 ;       ; Rise       ; inst52          ;
; Q0        ; inst52     ;       ; 2.042 ; Fall       ; inst52          ;
+-----------+------------+-------+-------+------------+-----------------+


+------------------------------------------------------------------------------------------------------------------------------------------------------------------------------------------------------------------------------------------------------------------------------------------------------------------------------------------------------------------------------------------------------------------+
; Board Trace Model Assignments                                                                                                                                                                                                                                                                                                                                                                                    ;
+---------------+--------------+-------------------+-------------------------+-------------------------+---------------+---------------------+----------------+------------------+--------+------------------+------------------------+------------------------+--------------+---------------+-----------------+-------+---------------------+--------------------+---------------+-----------------+-------------+
; Pin           ; I/O Standard ; Near Tline Length ; Near Tline L per Length ; Near Tline C per Length ; Near Series R ; Near Differential R ; Near Pull-up R ; Near Pull-down R ; Near C ; Far Tline Length ; Far Tline L per Length ; Far Tline C per Length ; Far Series R ; Far Pull-up R ; Far Pull-down R ; Far C ; Termination Voltage ; Far Differential R ; EBD File Name ; EBD Signal Name ; EBD Far-end ;
+---------------+--------------+-------------------+-------------------------+-------------------------+---------------+---------------------+----------------+------------------+--------+------------------+------------------------+------------------------+--------------+---------------+-----------------+-------+---------------------+--------------------+---------------+-----------------+-------------+
; Q0            ; 2.5 V        ; 0 in              ; 0 H/in                  ; 0 F/in                  ; short         ; -                   ; open           ; open             ; open   ; 0 in             ; 0 H/in                 ; 0 F/in                 ; short        ; open          ; open            ; open  ; 0 V                 ; -                  ; n/a           ; n/a             ; n/a         ;
; Q1            ; 2.5 V        ; 0 in              ; 0 H/in                  ; 0 F/in                  ; short         ; -                   ; open           ; open             ; open   ; 0 in             ; 0 H/in                 ; 0 F/in                 ; short        ; open          ; open            ; open  ; 0 V                 ; -                  ; n/a           ; n/a             ; n/a         ;
; Q2            ; 2.5 V        ; 0 in              ; 0 H/in                  ; 0 F/in                  ; short         ; -                   ; open           ; open             ; open   ; 0 in             ; 0 H/in                 ; 0 F/in                 ; short        ; open          ; open            ; open  ; 0 V                 ; -                  ; n/a           ; n/a             ; n/a         ;
; ~ALTERA_DCLK~ ; 2.5 V        ; 0 in              ; 0 H/in                  ; 0 F/in                  ; short         ; -                   ; open           ; open             ; open   ; 0 in             ; 0 H/in                 ; 0 F/in                 ; short        ; open          ; open            ; open  ; 0 V                 ; -                  ; n/a           ; n/a             ; n/a         ;
; ~ALTERA_nCEO~ ; 2.5 V        ; 0 in              ; 0 H/in                  ; 0 F/in                  ; short         ; -                   ; open           ; open             ; open   ; 0 in             ; 0 H/in                 ; 0 F/in                 ; short        ; open          ; open            ; open  ; 0 V                 ; -                  ; n/a           ; n/a             ; n/a         ;
+---------------+--------------+-------------------+-------------------------+-------------------------+---------------+---------------------+----------------+------------------+--------+------------------+------------------------+------------------------+--------------+---------------+-----------------+-------+---------------------+--------------------+---------------+-----------------+-------------+


+----------------------------------------------------------------------------+
; Input Transition Times                                                     ;
+-------------------------+--------------+-----------------+-----------------+
; Pin                     ; I/O Standard ; 10-90 Rise Time ; 90-10 Fall Time ;
+-------------------------+--------------+-----------------+-----------------+
; CLK                     ; 2.5 V        ; 2000 ps         ; 2000 ps         ;
; ~ALTERA_ASDO_DATA1~     ; 2.5 V        ; 2000 ps         ; 2000 ps         ;
; ~ALTERA_FLASH_nCE_nCSO~ ; 2.5 V        ; 2000 ps         ; 2000 ps         ;
; ~ALTERA_DATA0~          ; 2.5 V        ; 2000 ps         ; 2000 ps         ;
+-------------------------+--------------+-----------------+-----------------+


+--------------------------------------------------------------------------------------------------------------------------------------------------------------------------------------------------------------------------------------------------------------------------------------------------------------------------------------------------------------------------------------------------------------------------------------------------------------------------------------------------------------------------------------------------------------------------------------------------------------------------------------------------------------------------------------------+
; Slow Corner Signal Integrity Metrics                                                                                                                                                                                                                                                                                                                                                                                                                                                                                                                                                                                                                                                       ;
+---------------+--------------+---------------------+---------------------+------------------------------+------------------------------+---------------------+---------------------+--------------------------------------+--------------------------------------+-----------------------------+-----------------------------+----------------------------+----------------------------+-----------------------------+-----------------------------+--------------------+--------------------+-------------------------------------+-------------------------------------+----------------------------+----------------------------+---------------------------+---------------------------+
; Pin           ; I/O Standard ; Board Delay on Rise ; Board Delay on Fall ; Steady State Voh at FPGA Pin ; Steady State Vol at FPGA Pin ; Voh Max at FPGA Pin ; Vol Min at FPGA Pin ; Ringback Voltage on Rise at FPGA Pin ; Ringback Voltage on Fall at FPGA Pin ; 10-90 Rise Time at FPGA Pin ; 90-10 Fall Time at FPGA Pin ; Monotonic Rise at FPGA Pin ; Monotonic Fall at FPGA Pin ; Steady State Voh at Far-end ; Steady State Vol at Far-end ; Voh Max at Far-end ; Vol Min at Far-end ; Ringback Voltage on Rise at Far-end ; Ringback Voltage on Fall at Far-end ; 10-90 Rise Time at Far-end ; 90-10 Fall Time at Far-end ; Monotonic Rise at Far-end ; Monotonic Fall at Far-end ;
+---------------+--------------+---------------------+---------------------+------------------------------+------------------------------+---------------------+---------------------+--------------------------------------+--------------------------------------+-----------------------------+-----------------------------+----------------------------+----------------------------+-----------------------------+-----------------------------+--------------------+--------------------+-------------------------------------+-------------------------------------+----------------------------+----------------------------+---------------------------+---------------------------+
; Q0            ; 2.5 V        ; 0 s                 ; 0 s                 ; 2.32 V                       ; 7.25e-07 V                   ; 2.35 V              ; -0.0111 V           ; 0.113 V                              ; 0.035 V                              ; 7.76e-10 s                  ; 8.04e-10 s                  ; Yes                        ; Yes                        ; 2.32 V                      ; 7.25e-07 V                  ; 2.35 V             ; -0.0111 V          ; 0.113 V                             ; 0.035 V                             ; 7.76e-10 s                 ; 8.04e-10 s                 ; Yes                       ; Yes                       ;
; Q1            ; 2.5 V        ; 0 s                 ; 0 s                 ; 2.32 V                       ; 7.25e-07 V                   ; 2.35 V              ; -0.0111 V           ; 0.113 V                              ; 0.035 V                              ; 7.76e-10 s                  ; 8.04e-10 s                  ; Yes                        ; Yes                        ; 2.32 V                      ; 7.25e-07 V                  ; 2.35 V             ; -0.0111 V          ; 0.113 V                             ; 0.035 V                             ; 7.76e-10 s                 ; 8.04e-10 s                 ; Yes                       ; Yes                       ;
; Q2            ; 2.5 V        ; 0 s                 ; 0 s                 ; 2.32 V                       ; 7.25e-07 V                   ; 2.33 V              ; -0.00317 V          ; 0.162 V                              ; 0.063 V                              ; 3.54e-09 s                  ; 3.41e-09 s                  ; Yes                        ; Yes                        ; 2.32 V                      ; 7.25e-07 V                  ; 2.33 V             ; -0.00317 V         ; 0.162 V                             ; 0.063 V                             ; 3.54e-09 s                 ; 3.41e-09 s                 ; Yes                       ; Yes                       ;
; ~ALTERA_DCLK~ ; 2.5 V        ; 0 s                 ; 0 s                 ; 2.32 V                       ; 5.68e-07 V                   ; 2.35 V              ; -0.0132 V           ; 0.2 V                                ; 0.027 V                              ; 5.26e-10 s                  ; 4.81e-10 s                  ; Yes                        ; Yes                        ; 2.32 V                      ; 5.68e-07 V                  ; 2.35 V             ; -0.0132 V          ; 0.2 V                               ; 0.027 V                             ; 5.26e-10 s                 ; 4.81e-10 s                 ; Yes                       ; Yes                       ;
; ~ALTERA_nCEO~ ; 2.5 V        ; 0 s                 ; 0 s                 ; 2.32 V                       ; 9.36e-07 V                   ; 2.35 V              ; -0.00444 V          ; 0.18 V                               ; 0.019 V                              ; 7.23e-10 s                  ; 9.82e-10 s                  ; Yes                        ; Yes                        ; 2.32 V                      ; 9.36e-07 V                  ; 2.35 V             ; -0.00444 V         ; 0.18 V                              ; 0.019 V                             ; 7.23e-10 s                 ; 9.82e-10 s                 ; Yes                       ; Yes                       ;
+---------------+--------------+---------------------+---------------------+------------------------------+------------------------------+---------------------+---------------------+--------------------------------------+--------------------------------------+-----------------------------+-----------------------------+----------------------------+----------------------------+-----------------------------+-----------------------------+--------------------+--------------------+-------------------------------------+-------------------------------------+----------------------------+----------------------------+---------------------------+---------------------------+


+--------------------------------------------------------------------------------------------------------------------------------------------------------------------------------------------------------------------------------------------------------------------------------------------------------------------------------------------------------------------------------------------------------------------------------------------------------------------------------------------------------------------------------------------------------------------------------------------------------------------------------------------------------------------------------------------+
; Fast Corner Signal Integrity Metrics                                                                                                                                                                                                                                                                                                                                                                                                                                                                                                                                                                                                                                                       ;
+---------------+--------------+---------------------+---------------------+------------------------------+------------------------------+---------------------+---------------------+--------------------------------------+--------------------------------------+-----------------------------+-----------------------------+----------------------------+----------------------------+-----------------------------+-----------------------------+--------------------+--------------------+-------------------------------------+-------------------------------------+----------------------------+----------------------------+---------------------------+---------------------------+
; Pin           ; I/O Standard ; Board Delay on Rise ; Board Delay on Fall ; Steady State Voh at FPGA Pin ; Steady State Vol at FPGA Pin ; Voh Max at FPGA Pin ; Vol Min at FPGA Pin ; Ringback Voltage on Rise at FPGA Pin ; Ringback Voltage on Fall at FPGA Pin ; 10-90 Rise Time at FPGA Pin ; 90-10 Fall Time at FPGA Pin ; Monotonic Rise at FPGA Pin ; Monotonic Fall at FPGA Pin ; Steady State Voh at Far-end ; Steady State Vol at Far-end ; Voh Max at Far-end ; Vol Min at Far-end ; Ringback Voltage on Rise at Far-end ; Ringback Voltage on Fall at Far-end ; 10-90 Rise Time at Far-end ; 90-10 Fall Time at Far-end ; Monotonic Rise at Far-end ; Monotonic Fall at Far-end ;
+---------------+--------------+---------------------+---------------------+------------------------------+------------------------------+---------------------+---------------------+--------------------------------------+--------------------------------------+-----------------------------+-----------------------------+----------------------------+----------------------------+-----------------------------+-----------------------------+--------------------+--------------------+-------------------------------------+-------------------------------------+----------------------------+----------------------------+---------------------------+---------------------------+
; Q0            ; 2.5 V        ; 0 s                 ; 0 s                 ; 2.62 V                       ; 2.78e-08 V                   ; 2.71 V              ; -0.0349 V           ; 0.253 V                              ; 0.069 V                              ; 4.96e-10 s                  ; 5.19e-10 s                  ; No                         ; Yes                        ; 2.62 V                      ; 2.78e-08 V                  ; 2.71 V             ; -0.0349 V          ; 0.253 V                             ; 0.069 V                             ; 4.96e-10 s                 ; 5.19e-10 s                 ; No                        ; Yes                       ;
; Q1            ; 2.5 V        ; 0 s                 ; 0 s                 ; 2.62 V                       ; 2.78e-08 V                   ; 2.71 V              ; -0.0349 V           ; 0.253 V                              ; 0.069 V                              ; 4.96e-10 s                  ; 5.19e-10 s                  ; No                         ; Yes                        ; 2.62 V                      ; 2.78e-08 V                  ; 2.71 V             ; -0.0349 V          ; 0.253 V                             ; 0.069 V                             ; 4.96e-10 s                 ; 5.19e-10 s                 ; No                        ; Yes                       ;
; Q2            ; 2.5 V        ; 0 s                 ; 0 s                 ; 2.62 V                       ; 2.78e-08 V                   ; 2.64 V              ; -0.0109 V           ; 0.244 V                              ; 0.16 V                               ; 2.42e-09 s                  ; 2.37e-09 s                  ; No                         ; Yes                        ; 2.62 V                      ; 2.78e-08 V                  ; 2.64 V             ; -0.0109 V          ; 0.244 V                             ; 0.16 V                              ; 2.42e-09 s                 ; 2.37e-09 s                 ; No                        ; Yes                       ;
; ~ALTERA_DCLK~ ; 2.5 V        ; 0 s                 ; 0 s                 ; 2.62 V                       ; 2.22e-08 V                   ; 2.72 V              ; -0.0747 V           ; 0.28 V                               ; 0.169 V                              ; 3.1e-10 s                   ; 3.01e-10 s                  ; No                         ; Yes                        ; 2.62 V                      ; 2.22e-08 V                  ; 2.72 V             ; -0.0747 V          ; 0.28 V                              ; 0.169 V                             ; 3.1e-10 s                  ; 3.01e-10 s                 ; No                        ; Yes                       ;
; ~ALTERA_nCEO~ ; 2.5 V        ; 0 s                 ; 0 s                 ; 2.62 V                       ; 3.53e-08 V                   ; 2.7 V               ; -0.0212 V           ; 0.204 V                              ; 0.049 V                              ; 4.85e-10 s                  ; 6.73e-10 s                  ; No                         ; Yes                        ; 2.62 V                      ; 3.53e-08 V                  ; 2.7 V              ; -0.0212 V          ; 0.204 V                             ; 0.049 V                             ; 4.85e-10 s                 ; 6.73e-10 s                 ; No                        ; Yes                       ;
+---------------+--------------+---------------------+---------------------+------------------------------+------------------------------+---------------------+---------------------+--------------------------------------+--------------------------------------+-----------------------------+-----------------------------+----------------------------+----------------------------+-----------------------------+-----------------------------+--------------------+--------------------+-------------------------------------+-------------------------------------+----------------------------+----------------------------+---------------------------+---------------------------+


+-------------------------------------------------------------------+
; Setup Transfers                                                   ;
+------------+----------+----------+----------+----------+----------+
; From Clock ; To Clock ; RR Paths ; FR Paths ; RF Paths ; FF Paths ;
+------------+----------+----------+----------+----------+----------+
; inst52     ; CLK      ; 1        ; 1        ; 0        ; 0        ;
; inst1      ; inst1    ; 0        ; 0        ; 0        ; 1        ;
; inst1      ; inst52   ; 0        ; 0        ; 1        ; 1        ;
+------------+----------+----------+----------+----------+----------+
Entries labeled "false path" only account for clock-to-clock false paths and not path-based false paths. As a result, actual path counts may be lower than reported.


+-------------------------------------------------------------------+
; Hold Transfers                                                    ;
+------------+----------+----------+----------+----------+----------+
; From Clock ; To Clock ; RR Paths ; FR Paths ; RF Paths ; FF Paths ;
+------------+----------+----------+----------+----------+----------+
; inst52     ; CLK      ; 1        ; 1        ; 0        ; 0        ;
; inst1      ; inst1    ; 0        ; 0        ; 0        ; 1        ;
; inst1      ; inst52   ; 0        ; 0        ; 1        ; 1        ;
+------------+----------+----------+----------+----------+----------+
Entries labeled "false path" only account for clock-to-clock false paths and not path-based false paths. As a result, actual path counts may be lower than reported.


+-------------------------------------------------------------------+
; Recovery Transfers                                                ;
+------------+----------+----------+----------+----------+----------+
; From Clock ; To Clock ; RR Paths ; FR Paths ; RF Paths ; FF Paths ;
+------------+----------+----------+----------+----------+----------+
; inst1      ; CLK      ; 1        ; 2        ; 0        ; 0        ;
; inst1      ; inst1    ; 0        ; 0        ; 1        ; 2        ;
; inst1      ; inst52   ; 0        ; 0        ; 1        ; 2        ;
+------------+----------+----------+----------+----------+----------+
Entries labeled "false path" only account for clock-to-clock false paths and not path-based false paths. As a result, actual path counts may be lower than reported.


+-------------------------------------------------------------------+
; Removal Transfers                                                 ;
+------------+----------+----------+----------+----------+----------+
; From Clock ; To Clock ; RR Paths ; FR Paths ; RF Paths ; FF Paths ;
+------------+----------+----------+----------+----------+----------+
; inst1      ; CLK      ; 1        ; 2        ; 0        ; 0        ;
; inst1      ; inst1    ; 0        ; 0        ; 1        ; 2        ;
; inst1      ; inst52   ; 0        ; 0        ; 1        ; 2        ;
+------------+----------+----------+----------+----------+----------+
Entries labeled "false path" only account for clock-to-clock false paths and not path-based false paths. As a result, actual path counts may be lower than reported.


---------------
; Report TCCS ;
---------------
No dedicated SERDES Transmitter circuitry present in device or used in design


---------------
; Report RSKM ;
---------------
No dedicated SERDES Receiver circuitry present in device or used in design


+------------------------------------------------+
; Unconstrained Paths                            ;
+---------------------------------+-------+------+
; Property                        ; Setup ; Hold ;
+---------------------------------+-------+------+
; Illegal Clocks                  ; 0     ; 0    ;
; Unconstrained Clocks            ; 0     ; 0    ;
; Unconstrained Input Ports       ; 0     ; 0    ;
; Unconstrained Input Port Paths  ; 0     ; 0    ;
; Unconstrained Output Ports      ; 3     ; 3    ;
; Unconstrained Output Port Paths ; 3     ; 3    ;
+---------------------------------+-------+------+


+------------------------------------+
; TimeQuest Timing Analyzer Messages ;
+------------------------------------+
Info: *******************************************************************
Info: Running Quartus II 64-Bit TimeQuest Timing Analyzer
    Info: Version 13.0.1 Build 232 06/12/2013 Service Pack 1 SJ Web Edition
    Info: Processing started: Mon Mar 07 14:30:38 2022
Info: Command: quartus_sta ModOchoTruncadoSeis -c ModOchoTruncadoSeis
Info: qsta_default_script.tcl version: #1
Warning (20028): Parallel compilation is not licensed and has been disabled
Info (21077): Core supply voltage is 1.2V
Info (21077): Low junction temperature is 0 degrees C
Info (21077): High junction temperature is 85 degrees C
Critical Warning (332012): Synopsys Design Constraints File file not found: 'ModOchoTruncadoSeis.sdc'. A Synopsys Design Constraints File is required by the TimeQuest Timing Analyzer to get proper timing constraints. Without it, the Compiler will not properly optimize the design.
Info (332142): No user constrained base clocks found in the design. Calling "derive_clocks -period 1.0"
Info (332105): Deriving Clocks
    Info (332105): create_clock -period 1.000 -name CLK CLK
    Info (332105): create_clock -period 1.000 -name inst1 inst1
    Info (332105): create_clock -period 1.000 -name inst52 inst52
Info (332143): No user constrained clock uncertainty found in the design. Calling "derive_clock_uncertainty"
Info (332123): Deriving Clock Uncertainty. Please refer to report_sdc in TimeQuest to see clock uncertainties.
Info: Found TIMEQUEST_REPORT_SCRIPT_INCLUDE_DEFAULT_ANALYSIS = ON
Info: Analyzing Slow 1200mV 85C Model
Critical Warning (332148): Timing requirements not met
    Info (11105): For recommendations on closing timing, run Report Timing Closure Recommendations in the TimeQuest Timing Analyzer.
Info (332146): Worst-case setup slack is -0.035
    Info (332119):     Slack End Point TNS Clock 
    Info (332119): ========= ============= =====================
    Info (332119):    -0.035        -0.035 CLK 
    Info (332119):     0.071         0.000 inst52 
    Info (332119):     0.317         0.000 inst1 
Info (332146): Worst-case hold slack is 0.019
    Info (332119):     Slack End Point TNS Clock 
    Info (332119): ========= ============= =====================
    Info (332119):     0.019         0.000 CLK 
    Info (332119):     0.112         0.000 inst52 
    Info (332119):     0.384         0.000 inst1 
Info (332146): Worst-case recovery slack is -1.000
    Info (332119):     Slack End Point TNS Clock 
    Info (332119): ========= ============= =====================
    Info (332119):    -1.000        -1.000 inst52 
    Info (332119):    -0.867        -0.867 inst1 
    Info (332119):    -0.535        -0.535 CLK 
Info (332146): Worst-case removal slack is -0.663
    Info (332119):     Slack End Point TNS Clock 
    Info (332119): ========= ============= =====================
    Info (332119):    -0.663        -0.663 CLK 
    Info (332119):     0.349         0.000 inst1 
    Info (332119):     0.474         0.000 inst52 
Info (332146): Worst-case minimum pulse width slack is -3.000
    Info (332119):     Slack End Point TNS Clock 
    Info (332119): ========= ============= =====================
    Info (332119):    -3.000        -4.000 CLK 
    Info (332119):    -1.000        -1.000 inst1 
    Info (332119):    -1.000        -1.000 inst52 
Info: Analyzing Slow 1200mV 0C Model
Info (334003): Started post-fitting delay annotation
Info (334004): Delay annotation completed successfully
Info (332123): Deriving Clock Uncertainty. Please refer to report_sdc in TimeQuest to see clock uncertainties.
Info (332146): Worst-case setup slack is 0.099
    Info (332119):     Slack End Point TNS Clock 
    Info (332119): ========= ============= =====================
    Info (332119):     0.099         0.000 CLK 
    Info (332119):     0.108         0.000 inst52 
    Info (332119):     0.398         0.000 inst1 
Critical Warning (332148): Timing requirements not met
    Info (11105): For recommendations on closing timing, run Report Timing Closure Recommendations in the TimeQuest Timing Analyzer.
Info (332146): Worst-case hold slack is -0.076
    Info (332119):     Slack End Point TNS Clock 
    Info (332119): ========= ============= =====================
    Info (332119):    -0.076        -0.076 CLK 
    Info (332119):     0.100         0.000 inst52 
    Info (332119):     0.341         0.000 inst1 
Info (332146): Worst-case recovery slack is -0.784
    Info (332119):     Slack End Point TNS Clock 
    Info (332119): ========= ============= =====================
    Info (332119):    -0.784        -0.784 inst52 
    Info (332119):    -0.664        -0.664 inst1 
    Info (332119):    -0.317        -0.317 CLK 
Info (332146): Worst-case removal slack is -0.698
    Info (332119):     Slack End Point TNS Clock 
    Info (332119): ========= ============= =====================
    Info (332119):    -0.698        -0.698 CLK 
    Info (332119):     0.312         0.000 inst1 
    Info (332119):     0.425         0.000 inst52 
Info (332146): Worst-case minimum pulse width slack is -3.000
    Info (332119):     Slack End Point TNS Clock 
    Info (332119): ========= ============= =====================
    Info (332119):    -3.000        -4.000 CLK 
    Info (332119):    -1.000        -1.000 inst1 
    Info (332119):    -1.000        -1.000 inst52 
Info: Analyzing Fast 1200mV 0C Model
Info (332123): Deriving Clock Uncertainty. Please refer to report_sdc in TimeQuest to see clock uncertainties.
Info (332146): Worst-case setup slack is 0.198
    Info (332119):     Slack End Point TNS Clock 
    Info (332119): ========= ============= =====================
    Info (332119):     0.198         0.000 CLK 
    Info (332119):     0.282         0.000 inst52 
    Info (332119):     0.624         0.000 inst1 
Critical Warning (332148): Timing requirements not met
    Info (11105): For recommendations on closing timing, run Report Timing Closure Recommendations in the TimeQuest Timing Analyzer.
Info (332146): Worst-case hold slack is -0.006
    Info (332119):     Slack End Point TNS Clock 
    Info (332119): ========= ============= =====================
    Info (332119):    -0.006        -0.006 CLK 
    Info (332119):     0.044         0.000 inst52 
    Info (332119):     0.206         0.000 inst1 
Info (332146): Worst-case recovery slack is -0.131
    Info (332119):     Slack End Point TNS Clock 
    Info (332119): ========= ============= =====================
    Info (332119):    -0.131        -0.131 inst52 
    Info (332119):    -0.120        -0.120 CLK 
    Info (332119):    -0.052        -0.052 inst1 
Info (332146): Worst-case removal slack is -0.370
    Info (332119):     Slack End Point TNS Clock 
    Info (332119): ========= ============= =====================
    Info (332119):    -0.370        -0.370 CLK 
    Info (332119):     0.182         0.000 inst1 
    Info (332119):     0.256         0.000 inst52 
Info (332146): Worst-case minimum pulse width slack is -3.000
    Info (332119):     Slack End Point TNS Clock 
    Info (332119): ========= ============= =====================
    Info (332119):    -3.000        -4.080 CLK 
    Info (332119):    -1.000        -1.000 inst1 
    Info (332119):    -1.000        -1.000 inst52 
Info (332102): Design is not fully constrained for setup requirements
Info (332102): Design is not fully constrained for hold requirements
Info: Quartus II 64-Bit TimeQuest Timing Analyzer was successful. 0 errors, 5 warnings
    Info: Peak virtual memory: 4585 megabytes
    Info: Processing ended: Mon Mar 07 14:30:40 2022
    Info: Elapsed time: 00:00:02
    Info: Total CPU time (on all processors): 00:00:02


