------------------------------------------------------------
TimeQuest Timing Analyzer Summary
------------------------------------------------------------

Type  : Slow 1200mV 85C Model Setup 'CLK'
Slack : -0.025
TNS   : -0.025

Type  : Slow 1200mV 85C Model Setup 'inst52'
Slack : 0.081
TNS   : 0.000

Type  : Slow 1200mV 85C Model Setup 'inst1'
Slack : 0.114
TNS   : 0.000

Type  : Slow 1200mV 85C Model Setup 'inst2'
Slack : 0.317
TNS   : 0.000

Type  : Slow 1200mV 85C Model Hold 'CLK'
Slack : -0.008
TNS   : -0.008

Type  : Slow 1200mV 85C Model Hold 'inst1'
Slack : -0.004
TNS   : -0.004

Type  : Slow 1200mV 85C Model Hold 'inst52'
Slack : 0.160
TNS   : 0.000

Type  : Slow 1200mV 85C Model Hold 'inst2'
Slack : 0.384
TNS   : 0.000

Type  : Slow 1200mV 85C Model Minimum Pulse Width 'CLK'
Slack : -3.000
TNS   : -4.000

Type  : Slow 1200mV 85C Model Minimum Pulse Width 'inst1'
Slack : -1.000
TNS   : -1.000

Type  : Slow 1200mV 85C Model Minimum Pulse Width 'inst2'
Slack : -1.000
TNS   : -1.000

Type  : Slow 1200mV 85C Model Minimum Pulse Width 'inst52'
Slack : -1.000
TNS   : -1.000

Type  : Slow 1200mV 0C Model Setup 'CLK'
Slack : 0.104
TNS   : 0.000

Type  : Slow 1200mV 0C Model Setup 'inst52'
Slack : 0.122
TNS   : 0.000

Type  : Slow 1200mV 0C Model Setup 'inst1'
Slack : 0.164
TNS   : 0.000

Type  : Slow 1200mV 0C Model Setup 'inst2'
Slack : 0.398
TNS   : 0.000

Type  : Slow 1200mV 0C Model Hold 'CLK'
Slack : -0.089
TNS   : -0.089

Type  : Slow 1200mV 0C Model Hold 'inst1'
Slack : -0.007
TNS   : -0.007

Type  : Slow 1200mV 0C Model Hold 'inst52'
Slack : 0.142
TNS   : 0.000

Type  : Slow 1200mV 0C Model Hold 'inst2'
Slack : 0.341
TNS   : 0.000

Type  : Slow 1200mV 0C Model Minimum Pulse Width 'CLK'
Slack : -3.000
TNS   : -4.000

Type  : Slow 1200mV 0C Model Minimum Pulse Width 'inst1'
Slack : -1.000
TNS   : -1.000

Type  : Slow 1200mV 0C Model Minimum Pulse Width 'inst2'
Slack : -1.000
TNS   : -1.000

Type  : Slow 1200mV 0C Model Minimum Pulse Width 'inst52'
Slack : -1.000
TNS   : -1.000

Type  : Fast 1200mV 0C Model Setup 'CLK'
Slack : 0.196
TNS   : 0.000

Type  : Fast 1200mV 0C Model Setup 'inst52'
Slack : 0.295
TNS   : 0.000

Type  : Fast 1200mV 0C Model Setup 'inst1'
Slack : 0.305
TNS   : 0.000

Type  : Fast 1200mV 0C Model Setup 'inst2'
Slack : 0.624
TNS   : 0.000

Type  : Fast 1200mV 0C Model Hold 'inst1'
Slack : -0.030
TNS   : -0.030

Type  : Fast 1200mV 0C Model Hold 'CLK'
Slack : -0.010
TNS   : -0.010

Type  : Fast 1200mV 0C Model Hold 'inst52'
Slack : 0.066
TNS   : 0.000

Type  : Fast 1200mV 0C Model Hold 'inst2'
Slack : 0.206
TNS   : 0.000

Type  : Fast 1200mV 0C Model Minimum Pulse Width 'CLK'
Slack : -3.000
TNS   : -4.090

Type  : Fast 1200mV 0C Model Minimum Pulse Width 'inst1'
Slack : -1.000
TNS   : -1.000

Type  : Fast 1200mV 0C Model Minimum Pulse Width 'inst2'
Slack : -1.000
TNS   : -1.000

Type  : Fast 1200mV 0C Model Minimum Pulse Width 'inst52'
Slack : -1.000
TNS   : -1.000

------------------------------------------------------------
