------------------------------------------------------------
TimeQuest Timing Analyzer Summary
------------------------------------------------------------

Type  : Slow 1200mV 85C Model Setup 'CLK'
Slack : -0.021
TNS   : -0.021

Type  : Slow 1200mV 85C Model Setup 'inst52'
Slack : 0.317
TNS   : 0.000

Type  : Slow 1200mV 85C Model Hold 'CLK'
Slack : -0.040
TNS   : -0.040

Type  : Slow 1200mV 85C Model Hold 'inst52'
Slack : 0.384
TNS   : 0.000

Type  : Slow 1200mV 85C Model Minimum Pulse Width 'CLK'
Slack : -3.000
TNS   : -4.000

Type  : Slow 1200mV 85C Model Minimum Pulse Width 'inst52'
Slack : -1.000
TNS   : -1.000

Type  : Slow 1200mV 0C Model Setup 'CLK'
Slack : 0.064
TNS   : 0.000

Type  : Slow 1200mV 0C Model Setup 'inst52'
Slack : 0.398
TNS   : 0.000

Type  : Slow 1200mV 0C Model Hold 'CLK'
Slack : -0.080
TNS   : -0.080

Type  : Slow 1200mV 0C Model Hold 'inst52'
Slack : 0.341
TNS   : 0.000

Type  : Slow 1200mV 0C Model Minimum Pulse Width 'CLK'
Slack : -3.000
TNS   : -4.000

Type  : Slow 1200mV 0C Model Minimum Pulse Width 'inst52'
Slack : -1.000
TNS   : -1.000

Type  : Fast 1200mV 0C Model Setup 'CLK'
Slack : 0.199
TNS   : 0.000

Type  : Fast 1200mV 0C Model Setup 'inst52'
Slack : 0.624
TNS   : 0.000

Type  : Fast 1200mV 0C Model Hold 'CLK'
Slack : -0.023
TNS   : -0.023

Type  : Fast 1200mV 0C Model Hold 'inst52'
Slack : 0.206
TNS   : 0.000

Type  : Fast 1200mV 0C Model Minimum Pulse Width 'CLK'
Slack : -3.000
TNS   : -4.098

Type  : Fast 1200mV 0C Model Minimum Pulse Width 'inst52'
Slack : -1.000
TNS   : -1.000

------------------------------------------------------------
