TimeQuest Timing Analyzer report for ModOcho
Mon Mar 07 14:46:17 2022
Quartus II 64-Bit Version 13.0.1 Build 232 06/12/2013 Service Pack 1 SJ Web Edition


---------------------
; Table of Contents ;
---------------------
  1. Legal Notice
  2. TimeQuest Timing Analyzer Summary
  3. Parallel Compilation
  4. Clocks
  5. Slow 1200mV 85C Model Fmax Summary
  6. Timing Closure Recommendations
  7. Slow 1200mV 85C Model Setup Summary
  8. Slow 1200mV 85C Model Hold Summary
  9. Slow 1200mV 85C Model Recovery Summary
 10. Slow 1200mV 85C Model Removal Summary
 11. Slow 1200mV 85C Model Minimum Pulse Width Summary
 12. Slow 1200mV 85C Model Setup: 'inst52'
 13. Slow 1200mV 85C Model Setup: 'CLK'
 14. Slow 1200mV 85C Model Setup: 'inst1'
 15. Slow 1200mV 85C Model Hold: 'CLK'
 16. Slow 1200mV 85C Model Hold: 'inst52'
 17. Slow 1200mV 85C Model Hold: 'inst1'
 18. Slow 1200mV 85C Model Minimum Pulse Width: 'CLK'
 19. Slow 1200mV 85C Model Minimum Pulse Width: 'inst1'
 20. Slow 1200mV 85C Model Minimum Pulse Width: 'inst52'
 21. Clock to Output Times
 22. Minimum Clock to Output Times
 23. Slow 1200mV 85C Model Metastability Report
 24. Slow 1200mV 0C Model Fmax Summary
 25. Slow 1200mV 0C Model Setup Summary
 26. Slow 1200mV 0C Model Hold Summary
 27. Slow 1200mV 0C Model Recovery Summary
 28. Slow 1200mV 0C Model Removal Summary
 29. Slow 1200mV 0C Model Minimum Pulse Width Summary
 30. Slow 1200mV 0C Model Setup: 'inst52'
 31. Slow 1200mV 0C Model Setup: 'CLK'
 32. Slow 1200mV 0C Model Setup: 'inst1'
 33. Slow 1200mV 0C Model Hold: 'CLK'
 34. Slow 1200mV 0C Model Hold: 'inst52'
 35. Slow 1200mV 0C Model Hold: 'inst1'
 36. Slow 1200mV 0C Model Minimum Pulse Width: 'CLK'
 37. Slow 1200mV 0C Model Minimum Pulse Width: 'inst1'
 38. Slow 1200mV 0C Model Minimum Pulse Width: 'inst52'
 39. Clock to Output Times
 40. Minimum Clock to Output Times
 41. Slow 1200mV 0C Model Metastability Report
 42. Fast 1200mV 0C Model Setup Summary
 43. Fast 1200mV 0C Model Hold Summary
 44. Fast 1200mV 0C Model Recovery Summary
 45. Fast 1200mV 0C Model Removal Summary
 46. Fast 1200mV 0C Model Minimum Pulse Width Summary
 47. Fast 1200mV 0C Model Setup: 'CLK'
 48. Fast 1200mV 0C Model Setup: 'inst52'
 49. Fast 1200mV 0C Model Setup: 'inst1'
 50. Fast 1200mV 0C Model Hold: 'CLK'
 51. Fast 1200mV 0C Model Hold: 'inst52'
 52. Fast 1200mV 0C Model Hold: 'inst1'
 53. Fast 1200mV 0C Model Minimum Pulse Width: 'CLK'
 54. Fast 1200mV 0C Model Minimum Pulse Width: 'inst1'
 55. Fast 1200mV 0C Model Minimum Pulse Width: 'inst52'
 56. Clock to Output Times
 57. Minimum Clock to Output Times
 58. Fast 1200mV 0C Model Metastability Report
 59. Multicorner Timing Analysis Summary
 60. Clock to Output Times
 61. Minimum Clock to Output Times
 62. Board Trace Model Assignments
 63. Input Transition Times
 64. Slow Corner Signal Integrity Metrics
 65. Fast Corner Signal Integrity Metrics
 66. Setup Transfers
 67. Hold Transfers
 68. Report TCCS
 69. Report RSKM
 70. Unconstrained Paths
 71. TimeQuest Timing Analyzer Messages



----------------
; Legal Notice ;
----------------
Copyright (C) 1991-2013 Altera Corporation
Your use of Altera Corporation's design tools, logic functions 
and other software and tools, and its AMPP partner logic 
functions, and any output files from any of the foregoing 
(including device programming or simulation files), and any 
associated documentation or information are expressly subject 
to the terms and conditions of the Altera Program License 
Subscription Agreement, Altera MegaCore Function License 
Agreement, or other applicable license agreement, including, 
without limitation, that your use is for the sole purpose of 
programming logic devices manufactured by Altera and sold by 
Altera or its authorized distributors.  Please refer to the 
applicable agreement for further details.



+----------------------------------------------------------------------------------------+
; TimeQuest Timing Analyzer Summary                                                      ;
+--------------------+-------------------------------------------------------------------+
; Quartus II Version ; Version 13.0.1 Build 232 06/12/2013 Service Pack 1 SJ Web Edition ;
; Revision Name      ; ModOcho                                                           ;
; Device Family      ; Cyclone III                                                       ;
; Device Name        ; EP3C16F484C6                                                      ;
; Timing Models      ; Final                                                             ;
; Delay Model        ; Combined                                                          ;
; Rise/Fall Delays   ; Enabled                                                           ;
+--------------------+-------------------------------------------------------------------+


Parallel compilation was disabled, but you have multiple processors available. Enable parallel compilation to reduce compilation time.
+-------------------------------------+
; Parallel Compilation                ;
+----------------------------+--------+
; Processors                 ; Number ;
+----------------------------+--------+
; Number detected on machine ; 8      ;
; Maximum allowed            ; 1      ;
+----------------------------+--------+


+------------------------------------------------------------------------------------------------------------------------------------------------------------------------------------+
; Clocks                                                                                                                                                                             ;
+------------+------+--------+------------+-------+-------+------------+-----------+-------------+-------+--------+-----------+------------+----------+--------+--------+------------+
; Clock Name ; Type ; Period ; Frequency  ; Rise  ; Fall  ; Duty Cycle ; Divide by ; Multiply by ; Phase ; Offset ; Edge List ; Edge Shift ; Inverted ; Master ; Source ; Targets    ;
+------------+------+--------+------------+-------+-------+------------+-----------+-------------+-------+--------+-----------+------------+----------+--------+--------+------------+
; CLK        ; Base ; 1.000  ; 1000.0 MHz ; 0.000 ; 0.500 ;            ;           ;             ;       ;        ;           ;            ;          ;        ;        ; { CLK }    ;
; inst1      ; Base ; 1.000  ; 1000.0 MHz ; 0.000 ; 0.500 ;            ;           ;             ;       ;        ;           ;            ;          ;        ;        ; { inst1 }  ;
; inst52     ; Base ; 1.000  ; 1000.0 MHz ; 0.000 ; 0.500 ;            ;           ;             ;       ;        ;           ;            ;          ;        ;        ; { inst52 } ;
+------------+------+--------+------------+-------+-------+------------+-----------+-------------+-------+--------+-----------+------------+----------+--------+--------+------------+


+---------------------------------------------------------------------------------------------+
; Slow 1200mV 85C Model Fmax Summary                                                          ;
+-------------+-----------------+------------+------------------------------------------------+
; Fmax        ; Restricted Fmax ; Clock Name ; Note                                           ;
+-------------+-----------------+------------+------------------------------------------------+
; 1464.13 MHz ; 500.0 MHz       ; inst1      ; limit due to minimum period restriction (tmin) ;
+-------------+-----------------+------------+------------------------------------------------+
This panel reports FMAX for every clock in the design, regardless of the user-specified clock periods.  FMAX is only computed for paths where the source and destination registers or ports are driven by the same clock.  Paths of different clocks, including generated clocks, are ignored.  For paths between a clock and its inversion, FMAX is computed as if the rising and falling edges are scaled along with FMAX, such that the duty cycle (in terms of a percentage) is maintained. Altera recommends that you always use clock constraints and other slack reports for sign-off analysis.


----------------------------------
; Timing Closure Recommendations ;
----------------------------------
HTML report is unavailable in plain text report export.


+-------------------------------------+
; Slow 1200mV 85C Model Setup Summary ;
+--------+-------+--------------------+
; Clock  ; Slack ; End Point TNS      ;
+--------+-------+--------------------+
; inst52 ; 0.090 ; 0.000              ;
; CLK    ; 0.129 ; 0.000              ;
; inst1  ; 0.317 ; 0.000              ;
+--------+-------+--------------------+


+------------------------------------+
; Slow 1200mV 85C Model Hold Summary ;
+--------+--------+------------------+
; Clock  ; Slack  ; End Point TNS    ;
+--------+--------+------------------+
; CLK    ; -0.146 ; -0.146           ;
; inst52 ; 0.151  ; 0.000            ;
; inst1  ; 0.384  ; 0.000            ;
+--------+--------+------------------+


------------------------------------------
; Slow 1200mV 85C Model Recovery Summary ;
------------------------------------------
No paths to report.


-----------------------------------------
; Slow 1200mV 85C Model Removal Summary ;
-----------------------------------------
No paths to report.


+---------------------------------------------------+
; Slow 1200mV 85C Model Minimum Pulse Width Summary ;
+--------+--------+---------------------------------+
; Clock  ; Slack  ; End Point TNS                   ;
+--------+--------+---------------------------------+
; CLK    ; -3.000 ; -4.000                          ;
; inst1  ; -1.000 ; -1.000                          ;
; inst52 ; -1.000 ; -1.000                          ;
+--------+--------+---------------------------------+


+---------------------------------------------------------------------------------------------------+
; Slow 1200mV 85C Model Setup: 'inst52'                                                             ;
+-------+-----------+---------+--------------+-------------+--------------+------------+------------+
; Slack ; From Node ; To Node ; Launch Clock ; Latch Clock ; Relationship ; Clock Skew ; Data Delay ;
+-------+-----------+---------+--------------+-------------+--------------+------------+------------+
; 0.090 ; inst1     ; inst1   ; inst1        ; inst52      ; 0.500        ; 0.788      ; 1.412      ;
; 0.537 ; inst1     ; inst1   ; inst1        ; inst52      ; 1.000        ; 0.788      ; 1.465      ;
+-------+-----------+---------+--------------+-------------+--------------+------------+------------+


+---------------------------------------------------------------------------------------------------+
; Slow 1200mV 85C Model Setup: 'CLK'                                                                ;
+-------+-----------+---------+--------------+-------------+--------------+------------+------------+
; Slack ; From Node ; To Node ; Launch Clock ; Latch Clock ; Relationship ; Clock Skew ; Data Delay ;
+-------+-----------+---------+--------------+-------------+--------------+------------+------------+
; 0.129 ; inst52    ; inst52  ; inst52       ; CLK         ; 0.500        ; 1.717      ; 2.282      ;
; 0.638 ; inst52    ; inst52  ; inst52       ; CLK         ; 1.000        ; 1.717      ; 2.273      ;
+-------+-----------+---------+--------------+-------------+--------------+------------+------------+


+---------------------------------------------------------------------------------------------------+
; Slow 1200mV 85C Model Setup: 'inst1'                                                              ;
+-------+-----------+---------+--------------+-------------+--------------+------------+------------+
; Slack ; From Node ; To Node ; Launch Clock ; Latch Clock ; Relationship ; Clock Skew ; Data Delay ;
+-------+-----------+---------+--------------+-------------+--------------+------------+------------+
; 0.317 ; inst2     ; inst2   ; inst1        ; inst1       ; 1.000        ; -0.039     ; 0.659      ;
+-------+-----------+---------+--------------+-------------+--------------+------------+------------+


+----------------------------------------------------------------------------------------------------+
; Slow 1200mV 85C Model Hold: 'CLK'                                                                  ;
+--------+-----------+---------+--------------+-------------+--------------+------------+------------+
; Slack  ; From Node ; To Node ; Launch Clock ; Latch Clock ; Relationship ; Clock Skew ; Data Delay ;
+--------+-----------+---------+--------------+-------------+--------------+------------+------------+
; -0.146 ; inst52    ; inst52  ; inst52       ; CLK         ; 0.000        ; 1.783      ; 2.013      ;
; 0.391  ; inst52    ; inst52  ; inst52       ; CLK         ; -0.500       ; 1.783      ; 2.050      ;
+--------+-----------+---------+--------------+-------------+--------------+------------+------------+


+---------------------------------------------------------------------------------------------------+
; Slow 1200mV 85C Model Hold: 'inst52'                                                              ;
+-------+-----------+---------+--------------+-------------+--------------+------------+------------+
; Slack ; From Node ; To Node ; Launch Clock ; Latch Clock ; Relationship ; Clock Skew ; Data Delay ;
+-------+-----------+---------+--------------+-------------+--------------+------------+------------+
; 0.151 ; inst1     ; inst1   ; inst1        ; inst52      ; 0.000        ; 0.839      ; 1.346      ;
; 0.595 ; inst1     ; inst1   ; inst1        ; inst52      ; -0.500       ; 0.839      ; 1.290      ;
+-------+-----------+---------+--------------+-------------+--------------+------------+------------+


+---------------------------------------------------------------------------------------------------+
; Slow 1200mV 85C Model Hold: 'inst1'                                                               ;
+-------+-----------+---------+--------------+-------------+--------------+------------+------------+
; Slack ; From Node ; To Node ; Launch Clock ; Latch Clock ; Relationship ; Clock Skew ; Data Delay ;
+-------+-----------+---------+--------------+-------------+--------------+------------+------------+
; 0.384 ; inst2     ; inst2   ; inst1        ; inst1       ; 0.000        ; 0.039      ; 0.580      ;
+-------+-----------+---------+--------------+-------------+--------------+------------+------------+


+----------------------------------------------------------------------------------------------+
; Slow 1200mV 85C Model Minimum Pulse Width: 'CLK'                                             ;
+--------+--------------+----------------+------------------+-------+------------+-------------+
; Slack  ; Actual Width ; Required Width ; Type             ; Clock ; Clock Edge ; Target      ;
+--------+--------------+----------------+------------------+-------+------------+-------------+
; -3.000 ; 1.000        ; 4.000          ; Port Rate        ; CLK   ; Rise       ; CLK         ;
; -1.000 ; 1.000        ; 2.000          ; Min Period       ; CLK   ; Rise       ; inst52      ;
; 0.181  ; 0.365        ; 0.184          ; Low Pulse Width  ; CLK   ; Rise       ; inst52      ;
; 0.339  ; 0.339        ; 0.000          ; Low Pulse Width  ; CLK   ; Rise       ; CLK~input|o ;
; 0.341  ; 0.341        ; 0.000          ; Low Pulse Width  ; CLK   ; Rise       ; inst52|clk  ;
; 0.419  ; 0.635        ; 0.216          ; High Pulse Width ; CLK   ; Rise       ; inst52      ;
; 0.500  ; 0.500        ; 0.000          ; High Pulse Width ; CLK   ; Rise       ; CLK~input|i ;
; 0.500  ; 0.500        ; 0.000          ; Low Pulse Width  ; CLK   ; Rise       ; CLK~input|i ;
; 0.657  ; 0.657        ; 0.000          ; High Pulse Width ; CLK   ; Rise       ; inst52|clk  ;
; 0.661  ; 0.661        ; 0.000          ; High Pulse Width ; CLK   ; Rise       ; CLK~input|o ;
+--------+--------------+----------------+------------------+-------+------------+-------------+


+--------------------------------------------------------------------------------------------+
; Slow 1200mV 85C Model Minimum Pulse Width: 'inst1'                                         ;
+--------+--------------+----------------+------------------+-------+------------+-----------+
; Slack  ; Actual Width ; Required Width ; Type             ; Clock ; Clock Edge ; Target    ;
+--------+--------------+----------------+------------------+-------+------------+-----------+
; -1.000 ; 1.000        ; 2.000          ; Min Period       ; inst1 ; Fall       ; inst2     ;
; 0.239  ; 0.455        ; 0.216          ; High Pulse Width ; inst1 ; Fall       ; inst2     ;
; 0.359  ; 0.543        ; 0.184          ; Low Pulse Width  ; inst1 ; Fall       ; inst2     ;
; 0.448  ; 0.448        ; 0.000          ; Low Pulse Width  ; inst1 ; Rise       ; inst2|clk ;
; 0.500  ; 0.500        ; 0.000          ; High Pulse Width ; inst1 ; Rise       ; inst1|q   ;
; 0.500  ; 0.500        ; 0.000          ; Low Pulse Width  ; inst1 ; Rise       ; inst1|q   ;
; 0.551  ; 0.551        ; 0.000          ; High Pulse Width ; inst1 ; Rise       ; inst2|clk ;
+--------+--------------+----------------+------------------+-------+------------+-----------+


+---------------------------------------------------------------------------------------------+
; Slow 1200mV 85C Model Minimum Pulse Width: 'inst52'                                         ;
+--------+--------------+----------------+------------------+--------+------------+-----------+
; Slack  ; Actual Width ; Required Width ; Type             ; Clock  ; Clock Edge ; Target    ;
+--------+--------------+----------------+------------------+--------+------------+-----------+
; -1.000 ; 1.000        ; 2.000          ; Min Period       ; inst52 ; Fall       ; inst1     ;
; 0.227  ; 0.443        ; 0.216          ; High Pulse Width ; inst52 ; Fall       ; inst1     ;
; 0.372  ; 0.556        ; 0.184          ; Low Pulse Width  ; inst52 ; Fall       ; inst1     ;
; 0.435  ; 0.435        ; 0.000          ; Low Pulse Width  ; inst52 ; Rise       ; inst1|clk ;
; 0.500  ; 0.500        ; 0.000          ; High Pulse Width ; inst52 ; Rise       ; inst52|q  ;
; 0.500  ; 0.500        ; 0.000          ; Low Pulse Width  ; inst52 ; Rise       ; inst52|q  ;
; 0.563  ; 0.563        ; 0.000          ; High Pulse Width ; inst52 ; Rise       ; inst1|clk ;
+--------+--------------+----------------+------------------+--------+------------+-----------+


+-----------------------------------------------------------------------+
; Clock to Output Times                                                 ;
+-----------+------------+-------+-------+------------+-----------------+
; Data Port ; Clock Port ; Rise  ; Fall  ; Clock Edge ; Clock Reference ;
+-----------+------------+-------+-------+------------+-----------------+
; Q1        ; inst1      ; 2.625 ;       ; Rise       ; inst1           ;
; Q1        ; inst1      ;       ; 2.655 ; Fall       ; inst1           ;
; Q2        ; inst1      ; 3.936 ; 3.960 ; Fall       ; inst1           ;
; Q0        ; inst52     ; 2.599 ;       ; Rise       ; inst52          ;
; Q0        ; inst52     ;       ; 2.635 ; Fall       ; inst52          ;
+-----------+------------+-------+-------+------------+-----------------+


+-----------------------------------------------------------------------+
; Minimum Clock to Output Times                                         ;
+-----------+------------+-------+-------+------------+-----------------+
; Data Port ; Clock Port ; Rise  ; Fall  ; Clock Edge ; Clock Reference ;
+-----------+------------+-------+-------+------------+-----------------+
; Q1        ; inst1      ; 2.609 ;       ; Rise       ; inst1           ;
; Q1        ; inst1      ;       ; 2.637 ; Fall       ; inst1           ;
; Q2        ; inst1      ; 3.857 ; 3.880 ; Fall       ; inst1           ;
; Q0        ; inst52     ; 2.583 ;       ; Rise       ; inst52          ;
; Q0        ; inst52     ;       ; 2.617 ; Fall       ; inst52          ;
+-----------+------------+-------+-------+------------+-----------------+


----------------------------------------------
; Slow 1200mV 85C Model Metastability Report ;
----------------------------------------------
No synchronizer chains to report.


+---------------------------------------------------------------------------------------------+
; Slow 1200mV 0C Model Fmax Summary                                                           ;
+-------------+-----------------+------------+------------------------------------------------+
; Fmax        ; Restricted Fmax ; Clock Name ; Note                                           ;
+-------------+-----------------+------------+------------------------------------------------+
; 1661.13 MHz ; 500.0 MHz       ; inst1      ; limit due to minimum period restriction (tmin) ;
+-------------+-----------------+------------+------------------------------------------------+
This panel reports FMAX for every clock in the design, regardless of the user-specified clock periods.  FMAX is only computed for paths where the source and destination registers or ports are driven by the same clock.  Paths of different clocks, including generated clocks, are ignored.  For paths between a clock and its inversion, FMAX is computed as if the rising and falling edges are scaled along with FMAX, such that the duty cycle (in terms of a percentage) is maintained. Altera recommends that you always use clock constraints and other slack reports for sign-off analysis.


+------------------------------------+
; Slow 1200mV 0C Model Setup Summary ;
+--------+-------+-------------------+
; Clock  ; Slack ; End Point TNS     ;
+--------+-------+-------------------+
; inst52 ; 0.131 ; 0.000             ;
; CLK    ; 0.249 ; 0.000             ;
; inst1  ; 0.398 ; 0.000             ;
+--------+-------+-------------------+


+-----------------------------------+
; Slow 1200mV 0C Model Hold Summary ;
+--------+--------+-----------------+
; Clock  ; Slack  ; End Point TNS   ;
+--------+--------+-----------------+
; CLK    ; -0.223 ; -0.223          ;
; inst52 ; 0.133  ; 0.000           ;
; inst1  ; 0.341  ; 0.000           ;
+--------+--------+-----------------+


-----------------------------------------
; Slow 1200mV 0C Model Recovery Summary ;
-----------------------------------------
No paths to report.


----------------------------------------
; Slow 1200mV 0C Model Removal Summary ;
----------------------------------------
No paths to report.


+--------------------------------------------------+
; Slow 1200mV 0C Model Minimum Pulse Width Summary ;
+--------+--------+--------------------------------+
; Clock  ; Slack  ; End Point TNS                  ;
+--------+--------+--------------------------------+
; CLK    ; -3.000 ; -4.000                         ;
; inst1  ; -1.000 ; -1.000                         ;
; inst52 ; -1.000 ; -1.000                         ;
+--------+--------+--------------------------------+


+---------------------------------------------------------------------------------------------------+
; Slow 1200mV 0C Model Setup: 'inst52'                                                              ;
+-------+-----------+---------+--------------+-------------+--------------+------------+------------+
; Slack ; From Node ; To Node ; Launch Clock ; Latch Clock ; Relationship ; Clock Skew ; Data Delay ;
+-------+-----------+---------+--------------+-------------+--------------+------------+------------+
; 0.131 ; inst1     ; inst1   ; inst1        ; inst52      ; 0.500        ; 0.706      ; 1.270      ;
; 0.586 ; inst1     ; inst1   ; inst1        ; inst52      ; 1.000        ; 0.706      ; 1.315      ;
+-------+-----------+---------+--------------+-------------+--------------+------------+------------+


+---------------------------------------------------------------------------------------------------+
; Slow 1200mV 0C Model Setup: 'CLK'                                                                 ;
+-------+-----------+---------+--------------+-------------+--------------+------------+------------+
; Slack ; From Node ; To Node ; Launch Clock ; Latch Clock ; Relationship ; Clock Skew ; Data Delay ;
+-------+-----------+---------+--------------+-------------+--------------+------------+------------+
; 0.249 ; inst52    ; inst52  ; inst52       ; CLK         ; 0.500        ; 1.631      ; 2.057      ;
; 0.770 ; inst52    ; inst52  ; inst52       ; CLK         ; 1.000        ; 1.631      ; 2.036      ;
+-------+-----------+---------+--------------+-------------+--------------+------------+------------+


+---------------------------------------------------------------------------------------------------+
; Slow 1200mV 0C Model Setup: 'inst1'                                                               ;
+-------+-----------+---------+--------------+-------------+--------------+------------+------------+
; Slack ; From Node ; To Node ; Launch Clock ; Latch Clock ; Relationship ; Clock Skew ; Data Delay ;
+-------+-----------+---------+--------------+-------------+--------------+------------+------------+
; 0.398 ; inst2     ; inst2   ; inst1        ; inst1       ; 1.000        ; -0.034     ; 0.583      ;
+-------+-----------+---------+--------------+-------------+--------------+------------+------------+


+----------------------------------------------------------------------------------------------------+
; Slow 1200mV 0C Model Hold: 'CLK'                                                                   ;
+--------+-----------+---------+--------------+-------------+--------------+------------+------------+
; Slack  ; From Node ; To Node ; Launch Clock ; Latch Clock ; Relationship ; Clock Skew ; Data Delay ;
+--------+-----------+---------+--------------+-------------+--------------+------------+------------+
; -0.223 ; inst52    ; inst52  ; inst52       ; CLK         ; 0.000        ; 1.688      ; 1.809      ;
; 0.315  ; inst52    ; inst52  ; inst52       ; CLK         ; -0.500       ; 1.688      ; 1.847      ;
+--------+-----------+---------+--------------+-------------+--------------+------------+------------+


+---------------------------------------------------------------------------------------------------+
; Slow 1200mV 0C Model Hold: 'inst52'                                                               ;
+-------+-----------+---------+--------------+-------------+--------------+------------+------------+
; Slack ; From Node ; To Node ; Launch Clock ; Latch Clock ; Relationship ; Clock Skew ; Data Delay ;
+-------+-----------+---------+--------------+-------------+--------------+------------+------------+
; 0.133 ; inst1     ; inst1   ; inst1        ; inst52      ; 0.000        ; 0.751      ; 1.208      ;
; 0.589 ; inst1     ; inst1   ; inst1        ; inst52      ; -0.500       ; 0.751      ; 1.164      ;
+-------+-----------+---------+--------------+-------------+--------------+------------+------------+


+---------------------------------------------------------------------------------------------------+
; Slow 1200mV 0C Model Hold: 'inst1'                                                                ;
+-------+-----------+---------+--------------+-------------+--------------+------------+------------+
; Slack ; From Node ; To Node ; Launch Clock ; Latch Clock ; Relationship ; Clock Skew ; Data Delay ;
+-------+-----------+---------+--------------+-------------+--------------+------------+------------+
; 0.341 ; inst2     ; inst2   ; inst1        ; inst1       ; 0.000        ; 0.034      ; 0.519      ;
+-------+-----------+---------+--------------+-------------+--------------+------------+------------+


+----------------------------------------------------------------------------------------------+
; Slow 1200mV 0C Model Minimum Pulse Width: 'CLK'                                              ;
+--------+--------------+----------------+------------------+-------+------------+-------------+
; Slack  ; Actual Width ; Required Width ; Type             ; Clock ; Clock Edge ; Target      ;
+--------+--------------+----------------+------------------+-------+------------+-------------+
; -3.000 ; 1.000        ; 4.000          ; Port Rate        ; CLK   ; Rise       ; CLK         ;
; -1.000 ; 1.000        ; 2.000          ; Min Period       ; CLK   ; Rise       ; inst52      ;
; 0.198  ; 0.382        ; 0.184          ; Low Pulse Width  ; CLK   ; Rise       ; inst52      ;
; 0.339  ; 0.339        ; 0.000          ; Low Pulse Width  ; CLK   ; Rise       ; CLK~input|o ;
; 0.358  ; 0.358        ; 0.000          ; Low Pulse Width  ; CLK   ; Rise       ; inst52|clk  ;
; 0.402  ; 0.618        ; 0.216          ; High Pulse Width ; CLK   ; Rise       ; inst52      ;
; 0.500  ; 0.500        ; 0.000          ; High Pulse Width ; CLK   ; Rise       ; CLK~input|i ;
; 0.500  ; 0.500        ; 0.000          ; Low Pulse Width  ; CLK   ; Rise       ; CLK~input|i ;
; 0.642  ; 0.642        ; 0.000          ; High Pulse Width ; CLK   ; Rise       ; inst52|clk  ;
; 0.661  ; 0.661        ; 0.000          ; High Pulse Width ; CLK   ; Rise       ; CLK~input|o ;
+--------+--------------+----------------+------------------+-------+------------+-------------+


+--------------------------------------------------------------------------------------------+
; Slow 1200mV 0C Model Minimum Pulse Width: 'inst1'                                          ;
+--------+--------------+----------------+------------------+-------+------------+-----------+
; Slack  ; Actual Width ; Required Width ; Type             ; Clock ; Clock Edge ; Target    ;
+--------+--------------+----------------+------------------+-------+------------+-----------+
; -1.000 ; 1.000        ; 2.000          ; Min Period       ; inst1 ; Fall       ; inst2     ;
; 0.269  ; 0.485        ; 0.216          ; High Pulse Width ; inst1 ; Fall       ; inst2     ;
; 0.331  ; 0.515        ; 0.184          ; Low Pulse Width  ; inst1 ; Fall       ; inst2     ;
; 0.470  ; 0.470        ; 0.000          ; Low Pulse Width  ; inst1 ; Rise       ; inst2|clk ;
; 0.500  ; 0.500        ; 0.000          ; High Pulse Width ; inst1 ; Rise       ; inst1|q   ;
; 0.500  ; 0.500        ; 0.000          ; Low Pulse Width  ; inst1 ; Rise       ; inst1|q   ;
; 0.529  ; 0.529        ; 0.000          ; High Pulse Width ; inst1 ; Rise       ; inst2|clk ;
+--------+--------------+----------------+------------------+-------+------------+-----------+


+---------------------------------------------------------------------------------------------+
; Slow 1200mV 0C Model Minimum Pulse Width: 'inst52'                                          ;
+--------+--------------+----------------+------------------+--------+------------+-----------+
; Slack  ; Actual Width ; Required Width ; Type             ; Clock  ; Clock Edge ; Target    ;
+--------+--------------+----------------+------------------+--------+------------+-----------+
; -1.000 ; 1.000        ; 2.000          ; Min Period       ; inst52 ; Fall       ; inst1     ;
; 0.242  ; 0.458        ; 0.216          ; High Pulse Width ; inst52 ; Fall       ; inst1     ;
; 0.357  ; 0.541        ; 0.184          ; Low Pulse Width  ; inst52 ; Fall       ; inst1     ;
; 0.443  ; 0.443        ; 0.000          ; Low Pulse Width  ; inst52 ; Rise       ; inst1|clk ;
; 0.500  ; 0.500        ; 0.000          ; High Pulse Width ; inst52 ; Rise       ; inst52|q  ;
; 0.500  ; 0.500        ; 0.000          ; Low Pulse Width  ; inst52 ; Rise       ; inst52|q  ;
; 0.555  ; 0.555        ; 0.000          ; High Pulse Width ; inst52 ; Rise       ; inst1|clk ;
+--------+--------------+----------------+------------------+--------+------------+-----------+


+-----------------------------------------------------------------------+
; Clock to Output Times                                                 ;
+-----------+------------+-------+-------+------------+-----------------+
; Data Port ; Clock Port ; Rise  ; Fall  ; Clock Edge ; Clock Reference ;
+-----------+------------+-------+-------+------------+-----------------+
; Q1        ; inst1      ; 2.589 ;       ; Rise       ; inst1           ;
; Q1        ; inst1      ;       ; 2.604 ; Fall       ; inst1           ;
; Q2        ; inst1      ; 3.776 ; 3.768 ; Fall       ; inst1           ;
; Q0        ; inst52     ; 2.566 ;       ; Rise       ; inst52          ;
; Q0        ; inst52     ;       ; 2.582 ; Fall       ; inst52          ;
+-----------+------------+-------+-------+------------+-----------------+


+-----------------------------------------------------------------------+
; Minimum Clock to Output Times                                         ;
+-----------+------------+-------+-------+------------+-----------------+
; Data Port ; Clock Port ; Rise  ; Fall  ; Clock Edge ; Clock Reference ;
+-----------+------------+-------+-------+------------+-----------------+
; Q1        ; inst1      ; 2.575 ;       ; Rise       ; inst1           ;
; Q1        ; inst1      ;       ; 2.588 ; Fall       ; inst1           ;
; Q2        ; inst1      ; 3.706 ; 3.698 ; Fall       ; inst1           ;
; Q0        ; inst52     ; 2.551 ;       ; Rise       ; inst52          ;
; Q0        ; inst52     ;       ; 2.567 ; Fall       ; inst52          ;
+-----------+------------+-------+-------+------------+-----------------+


---------------------------------------------
; Slow 1200mV 0C Model Metastability Report ;
---------------------------------------------
No synchronizer chains to report.


+------------------------------------+
; Fast 1200mV 0C Model Setup Summary ;
+--------+-------+-------------------+
; Clock  ; Slack ; End Point TNS     ;
+--------+-------+-------------------+
; CLK    ; 0.258 ; 0.000             ;
; inst52 ; 0.301 ; 0.000             ;
; inst1  ; 0.624 ; 0.000             ;
+--------+-------+-------------------+


+-----------------------------------+
; Fast 1200mV 0C Model Hold Summary ;
+--------+--------+-----------------+
; Clock  ; Slack  ; End Point TNS   ;
+--------+--------+-----------------+
; CLK    ; -0.069 ; -0.069          ;
; inst52 ; 0.060  ; 0.000           ;
; inst1  ; 0.206  ; 0.000           ;
+--------+--------+-----------------+


-----------------------------------------
; Fast 1200mV 0C Model Recovery Summary ;
-----------------------------------------
No paths to report.


----------------------------------------
; Fast 1200mV 0C Model Removal Summary ;
----------------------------------------
No paths to report.


+--------------------------------------------------+
; Fast 1200mV 0C Model Minimum Pulse Width Summary ;
+--------+--------+--------------------------------+
; Clock  ; Slack  ; End Point TNS                  ;
+--------+--------+--------------------------------+
; CLK    ; -3.000 ; -4.086                         ;
; inst1  ; -1.000 ; -1.000                         ;
; inst52 ; -1.000 ; -1.000                         ;
+--------+--------+--------------------------------+


+---------------------------------------------------------------------------------------------------+
; Fast 1200mV 0C Model Setup: 'CLK'                                                                 ;
+-------+-----------+---------+--------------+-------------+--------------+------------+------------+
; Slack ; From Node ; To Node ; Launch Clock ; Latch Clock ; Relationship ; Clock Skew ; Data Delay ;
+-------+-----------+---------+--------------+-------------+--------------+------------+------------+
; 0.258 ; inst52    ; inst52  ; inst52       ; CLK         ; 0.500        ; 0.916      ; 1.250      ;
; 0.768 ; inst52    ; inst52  ; inst52       ; CLK         ; 1.000        ; 0.916      ; 1.240      ;
+-------+-----------+---------+--------------+-------------+--------------+------------+------------+


+---------------------------------------------------------------------------------------------------+
; Fast 1200mV 0C Model Setup: 'inst52'                                                              ;
+-------+-----------+---------+--------------+-------------+--------------+------------+------------+
; Slack ; From Node ; To Node ; Launch Clock ; Latch Clock ; Relationship ; Clock Skew ; Data Delay ;
+-------+-----------+---------+--------------+-------------+--------------+------------+------------+
; 0.301 ; inst1     ; inst1   ; inst1        ; inst52      ; 0.500        ; 0.448      ; 0.759      ;
; 0.762 ; inst1     ; inst1   ; inst1        ; inst52      ; 1.000        ; 0.448      ; 0.798      ;
+-------+-----------+---------+--------------+-------------+--------------+------------+------------+


+---------------------------------------------------------------------------------------------------+
; Fast 1200mV 0C Model Setup: 'inst1'                                                               ;
+-------+-----------+---------+--------------+-------------+--------------+------------+------------+
; Slack ; From Node ; To Node ; Launch Clock ; Latch Clock ; Relationship ; Clock Skew ; Data Delay ;
+-------+-----------+---------+--------------+-------------+--------------+------------+------------+
; 0.624 ; inst2     ; inst2   ; inst1        ; inst1       ; 1.000        ; -0.024     ; 0.359      ;
+-------+-----------+---------+--------------+-------------+--------------+------------+------------+


+----------------------------------------------------------------------------------------------------+
; Fast 1200mV 0C Model Hold: 'CLK'                                                                   ;
+--------+-----------+---------+--------------+-------------+--------------+------------+------------+
; Slack  ; From Node ; To Node ; Launch Clock ; Latch Clock ; Relationship ; Clock Skew ; Data Delay ;
+--------+-----------+---------+--------------+-------------+--------------+------------+------------+
; -0.069 ; inst52    ; inst52  ; inst52       ; CLK         ; 0.000        ; 0.954      ; 1.094      ;
; 0.452  ; inst52    ; inst52  ; inst52       ; CLK         ; -0.500       ; 0.954      ; 1.115      ;
+--------+-----------+---------+--------------+-------------+--------------+------------+------------+


+---------------------------------------------------------------------------------------------------+
; Fast 1200mV 0C Model Hold: 'inst52'                                                               ;
+-------+-----------+---------+--------------+-------------+--------------+------------+------------+
; Slack ; From Node ; To Node ; Launch Clock ; Latch Clock ; Relationship ; Clock Skew ; Data Delay ;
+-------+-----------+---------+--------------+-------------+--------------+------------+------------+
; 0.060 ; inst1     ; inst1   ; inst1        ; inst52      ; 0.000        ; 0.479      ; 0.728      ;
; 0.523 ; inst1     ; inst1   ; inst1        ; inst52      ; -0.500       ; 0.479      ; 0.691      ;
+-------+-----------+---------+--------------+-------------+--------------+------------+------------+


+---------------------------------------------------------------------------------------------------+
; Fast 1200mV 0C Model Hold: 'inst1'                                                                ;
+-------+-----------+---------+--------------+-------------+--------------+------------+------------+
; Slack ; From Node ; To Node ; Launch Clock ; Latch Clock ; Relationship ; Clock Skew ; Data Delay ;
+-------+-----------+---------+--------------+-------------+--------------+------------+------------+
; 0.206 ; inst2     ; inst2   ; inst1        ; inst1       ; 0.000        ; 0.024      ; 0.314      ;
+-------+-----------+---------+--------------+-------------+--------------+------------+------------+


+----------------------------------------------------------------------------------------------+
; Fast 1200mV 0C Model Minimum Pulse Width: 'CLK'                                              ;
+--------+--------------+----------------+------------------+-------+------------+-------------+
; Slack  ; Actual Width ; Required Width ; Type             ; Clock ; Clock Edge ; Target      ;
+--------+--------------+----------------+------------------+-------+------------+-------------+
; -3.000 ; 1.000        ; 4.000          ; Port Rate        ; CLK   ; Rise       ; CLK         ;
; -1.000 ; 1.000        ; 2.000          ; Min Period       ; CLK   ; Rise       ; inst52      ;
; -0.086 ; 0.098        ; 0.184          ; Low Pulse Width  ; CLK   ; Rise       ; inst52      ;
; 0.093  ; 0.093        ; 0.000          ; Low Pulse Width  ; CLK   ; Rise       ; inst52|clk  ;
; 0.118  ; 0.118        ; 0.000          ; Low Pulse Width  ; CLK   ; Rise       ; CLK~input|o ;
; 0.500  ; 0.500        ; 0.000          ; High Pulse Width ; CLK   ; Rise       ; CLK~input|i ;
; 0.500  ; 0.500        ; 0.000          ; Low Pulse Width  ; CLK   ; Rise       ; CLK~input|i ;
; 0.685  ; 0.901        ; 0.216          ; High Pulse Width ; CLK   ; Rise       ; inst52      ;
; 0.882  ; 0.882        ; 0.000          ; High Pulse Width ; CLK   ; Rise       ; CLK~input|o ;
; 0.906  ; 0.906        ; 0.000          ; High Pulse Width ; CLK   ; Rise       ; inst52|clk  ;
+--------+--------------+----------------+------------------+-------+------------+-------------+


+--------------------------------------------------------------------------------------------+
; Fast 1200mV 0C Model Minimum Pulse Width: 'inst1'                                          ;
+--------+--------------+----------------+------------------+-------+------------+-----------+
; Slack  ; Actual Width ; Required Width ; Type             ; Clock ; Clock Edge ; Target    ;
+--------+--------------+----------------+------------------+-------+------------+-----------+
; -1.000 ; 1.000        ; 2.000          ; Min Period       ; inst1 ; Fall       ; inst2     ;
; 0.234  ; 0.450        ; 0.216          ; High Pulse Width ; inst1 ; Fall       ; inst2     ;
; 0.365  ; 0.549        ; 0.184          ; Low Pulse Width  ; inst1 ; Fall       ; inst2     ;
; 0.455  ; 0.455        ; 0.000          ; Low Pulse Width  ; inst1 ; Rise       ; inst2|clk ;
; 0.500  ; 0.500        ; 0.000          ; High Pulse Width ; inst1 ; Rise       ; inst1|q   ;
; 0.500  ; 0.500        ; 0.000          ; Low Pulse Width  ; inst1 ; Rise       ; inst1|q   ;
; 0.543  ; 0.543        ; 0.000          ; High Pulse Width ; inst1 ; Rise       ; inst2|clk ;
+--------+--------------+----------------+------------------+-------+------------+-----------+


+---------------------------------------------------------------------------------------------+
; Fast 1200mV 0C Model Minimum Pulse Width: 'inst52'                                          ;
+--------+--------------+----------------+------------------+--------+------------+-----------+
; Slack  ; Actual Width ; Required Width ; Type             ; Clock  ; Clock Edge ; Target    ;
+--------+--------------+----------------+------------------+--------+------------+-----------+
; -1.000 ; 1.000        ; 2.000          ; Min Period       ; inst52 ; Fall       ; inst1     ;
; 0.244  ; 0.460        ; 0.216          ; High Pulse Width ; inst52 ; Fall       ; inst1     ;
; 0.355  ; 0.539        ; 0.184          ; Low Pulse Width  ; inst52 ; Fall       ; inst1     ;
; 0.465  ; 0.465        ; 0.000          ; Low Pulse Width  ; inst52 ; Rise       ; inst1|clk ;
; 0.500  ; 0.500        ; 0.000          ; High Pulse Width ; inst52 ; Rise       ; inst52|q  ;
; 0.500  ; 0.500        ; 0.000          ; Low Pulse Width  ; inst52 ; Rise       ; inst52|q  ;
; 0.533  ; 0.533        ; 0.000          ; High Pulse Width ; inst52 ; Rise       ; inst1|clk ;
+--------+--------------+----------------+------------------+--------+------------+-----------+


+-----------------------------------------------------------------------+
; Clock to Output Times                                                 ;
+-----------+------------+-------+-------+------------+-----------------+
; Data Port ; Clock Port ; Rise  ; Fall  ; Clock Edge ; Clock Reference ;
+-----------+------------+-------+-------+------------+-----------------+
; Q1        ; inst1      ; 1.670 ;       ; Rise       ; inst1           ;
; Q1        ; inst1      ;       ; 1.691 ; Fall       ; inst1           ;
; Q2        ; inst1      ; 2.404 ; 2.434 ; Fall       ; inst1           ;
; Q0        ; inst52     ; 1.651 ;       ; Rise       ; inst52          ;
; Q0        ; inst52     ;       ; 1.674 ; Fall       ; inst52          ;
+-----------+------------+-------+-------+------------+-----------------+


+-----------------------------------------------------------------------+
; Minimum Clock to Output Times                                         ;
+-----------+------------+-------+-------+------------+-----------------+
; Data Port ; Clock Port ; Rise  ; Fall  ; Clock Edge ; Clock Reference ;
+-----------+------------+-------+-------+------------+-----------------+
; Q1        ; inst1      ; 1.661 ;       ; Rise       ; inst1           ;
; Q1        ; inst1      ;       ; 1.681 ; Fall       ; inst1           ;
; Q2        ; inst1      ; 2.358 ; 2.387 ; Fall       ; inst1           ;
; Q0        ; inst52     ; 1.643 ;       ; Rise       ; inst52          ;
; Q0        ; inst52     ;       ; 1.664 ; Fall       ; inst52          ;
+-----------+------------+-------+-------+------------+-----------------+


---------------------------------------------
; Fast 1200mV 0C Model Metastability Report ;
---------------------------------------------
No synchronizer chains to report.


+------------------------------------------------------------------------------+
; Multicorner Timing Analysis Summary                                          ;
+------------------+-------+--------+----------+---------+---------------------+
; Clock            ; Setup ; Hold   ; Recovery ; Removal ; Minimum Pulse Width ;
+------------------+-------+--------+----------+---------+---------------------+
; Worst-case Slack ; 0.090 ; -0.223 ; N/A      ; N/A     ; -3.000              ;
;  CLK             ; 0.129 ; -0.223 ; N/A      ; N/A     ; -3.000              ;
;  inst1           ; 0.317 ; 0.206  ; N/A      ; N/A     ; -1.000              ;
;  inst52          ; 0.090 ; 0.060  ; N/A      ; N/A     ; -1.000              ;
; Design-wide TNS  ; 0.0   ; -0.223 ; 0.0      ; 0.0     ; -6.086              ;
;  CLK             ; 0.000 ; -0.223 ; N/A      ; N/A     ; -4.086              ;
;  inst1           ; 0.000 ; 0.000  ; N/A      ; N/A     ; -1.000              ;
;  inst52          ; 0.000 ; 0.000  ; N/A      ; N/A     ; -1.000              ;
+------------------+-------+--------+----------+---------+---------------------+


+-----------------------------------------------------------------------+
; Clock to Output Times                                                 ;
+-----------+------------+-------+-------+------------+-----------------+
; Data Port ; Clock Port ; Rise  ; Fall  ; Clock Edge ; Clock Reference ;
+-----------+------------+-------+-------+------------+-----------------+
; Q1        ; inst1      ; 2.625 ;       ; Rise       ; inst1           ;
; Q1        ; inst1      ;       ; 2.655 ; Fall       ; inst1           ;
; Q2        ; inst1      ; 3.936 ; 3.960 ; Fall       ; inst1           ;
; Q0        ; inst52     ; 2.599 ;       ; Rise       ; inst52          ;
; Q0        ; inst52     ;       ; 2.635 ; Fall       ; inst52          ;
+-----------+------------+-------+-------+------------+-----------------+


+-----------------------------------------------------------------------+
; Minimum Clock to Output Times                                         ;
+-----------+------------+-------+-------+------------+-----------------+
; Data Port ; Clock Port ; Rise  ; Fall  ; Clock Edge ; Clock Reference ;
+-----------+------------+-------+-------+------------+-----------------+
; Q1        ; inst1      ; 1.661 ;       ; Rise       ; inst1           ;
; Q1        ; inst1      ;       ; 1.681 ; Fall       ; inst1           ;
; Q2        ; inst1      ; 2.358 ; 2.387 ; Fall       ; inst1           ;
; Q0        ; inst52     ; 1.643 ;       ; Rise       ; inst52          ;
; Q0        ; inst52     ;       ; 1.664 ; Fall       ; inst52          ;
+-----------+------------+-------+-------+------------+-----------------+


+------------------------------------------------------------------------------------------------------------------------------------------------------------------------------------------------------------------------------------------------------------------------------------------------------------------------------------------------------------------------------------------------------------------+
; Board Trace Model Assignments                                                                                                                                                                                                                                                                                                                                                                                    ;
+---------------+--------------+-------------------+-------------------------+-------------------------+---------------+---------------------+----------------+------------------+--------+------------------+------------------------+------------------------+--------------+---------------+-----------------+-------+---------------------+--------------------+---------------+-----------------+-------------+
; Pin           ; I/O Standard ; Near Tline Length ; Near Tline L per Length ; Near Tline C per Length ; Near Series R ; Near Differential R ; Near Pull-up R ; Near Pull-down R ; Near C ; Far Tline Length ; Far Tline L per Length ; Far Tline C per Length ; Far Series R ; Far Pull-up R ; Far Pull-down R ; Far C ; Termination Voltage ; Far Differential R ; EBD File Name ; EBD Signal Name ; EBD Far-end ;
+---------------+--------------+-------------------+-------------------------+-------------------------+---------------+---------------------+----------------+------------------+--------+------------------+------------------------+------------------------+--------------+---------------+-----------------+-------+---------------------+--------------------+---------------+-----------------+-------------+
; Q0            ; 2.5 V        ; 0 in              ; 0 H/in                  ; 0 F/in                  ; short         ; -                   ; open           ; open             ; open   ; 0 in             ; 0 H/in                 ; 0 F/in                 ; short        ; open          ; open            ; open  ; 0 V                 ; -                  ; n/a           ; n/a             ; n/a         ;
; Q1            ; 2.5 V        ; 0 in              ; 0 H/in                  ; 0 F/in                  ; short         ; -                   ; open           ; open             ; open   ; 0 in             ; 0 H/in                 ; 0 F/in                 ; short        ; open          ; open            ; open  ; 0 V                 ; -                  ; n/a           ; n/a             ; n/a         ;
; Q2            ; 2.5 V        ; 0 in              ; 0 H/in                  ; 0 F/in                  ; short         ; -                   ; open           ; open             ; open   ; 0 in             ; 0 H/in                 ; 0 F/in                 ; short        ; open          ; open            ; open  ; 0 V                 ; -                  ; n/a           ; n/a             ; n/a         ;
; ~ALTERA_DCLK~ ; 2.5 V        ; 0 in              ; 0 H/in                  ; 0 F/in                  ; short         ; -                   ; open           ; open             ; open   ; 0 in             ; 0 H/in                 ; 0 F/in                 ; short        ; open          ; open            ; open  ; 0 V                 ; -                  ; n/a           ; n/a             ; n/a         ;
; ~ALTERA_nCEO~ ; 2.5 V        ; 0 in              ; 0 H/in                  ; 0 F/in                  ; short         ; -                   ; open           ; open             ; open   ; 0 in             ; 0 H/in                 ; 0 F/in                 ; short        ; open          ; open            ; open  ; 0 V                 ; -                  ; n/a           ; n/a             ; n/a         ;
+---------------+--------------+-------------------+-------------------------+-------------------------+---------------+---------------------+----------------+------------------+--------+------------------+------------------------+------------------------+--------------+---------------+-----------------+-------+---------------------+--------------------+---------------+-----------------+-------------+


+----------------------------------------------------------------------------+
; Input Transition Times                                                     ;
+-------------------------+--------------+-----------------+-----------------+
; Pin                     ; I/O Standard ; 10-90 Rise Time ; 90-10 Fall Time ;
+-------------------------+--------------+-----------------+-----------------+
; CLK                     ; 2.5 V        ; 2000 ps         ; 2000 ps         ;
; CLR                     ; 2.5 V        ; 2000 ps         ; 2000 ps         ;
; ~ALTERA_ASDO_DATA1~     ; 2.5 V        ; 2000 ps         ; 2000 ps         ;
; ~ALTERA_FLASH_nCE_nCSO~ ; 2.5 V        ; 2000 ps         ; 2000 ps         ;
; ~ALTERA_DATA0~          ; 2.5 V        ; 2000 ps         ; 2000 ps         ;
+-------------------------+--------------+-----------------+-----------------+


+--------------------------------------------------------------------------------------------------------------------------------------------------------------------------------------------------------------------------------------------------------------------------------------------------------------------------------------------------------------------------------------------------------------------------------------------------------------------------------------------------------------------------------------------------------------------------------------------------------------------------------------------------------------------------------------------+
; Slow Corner Signal Integrity Metrics                                                                                                                                                                                                                                                                                                                                                                                                                                                                                                                                                                                                                                                       ;
+---------------+--------------+---------------------+---------------------+------------------------------+------------------------------+---------------------+---------------------+--------------------------------------+--------------------------------------+-----------------------------+-----------------------------+----------------------------+----------------------------+-----------------------------+-----------------------------+--------------------+--------------------+-------------------------------------+-------------------------------------+----------------------------+----------------------------+---------------------------+---------------------------+
; Pin           ; I/O Standard ; Board Delay on Rise ; Board Delay on Fall ; Steady State Voh at FPGA Pin ; Steady State Vol at FPGA Pin ; Voh Max at FPGA Pin ; Vol Min at FPGA Pin ; Ringback Voltage on Rise at FPGA Pin ; Ringback Voltage on Fall at FPGA Pin ; 10-90 Rise Time at FPGA Pin ; 90-10 Fall Time at FPGA Pin ; Monotonic Rise at FPGA Pin ; Monotonic Fall at FPGA Pin ; Steady State Voh at Far-end ; Steady State Vol at Far-end ; Voh Max at Far-end ; Vol Min at Far-end ; Ringback Voltage on Rise at Far-end ; Ringback Voltage on Fall at Far-end ; 10-90 Rise Time at Far-end ; 90-10 Fall Time at Far-end ; Monotonic Rise at Far-end ; Monotonic Fall at Far-end ;
+---------------+--------------+---------------------+---------------------+------------------------------+------------------------------+---------------------+---------------------+--------------------------------------+--------------------------------------+-----------------------------+-----------------------------+----------------------------+----------------------------+-----------------------------+-----------------------------+--------------------+--------------------+-------------------------------------+-------------------------------------+----------------------------+----------------------------+---------------------------+---------------------------+
; Q0            ; 2.5 V        ; 0 s                 ; 0 s                 ; 2.32 V                       ; 7.25e-07 V                   ; 2.35 V              ; -0.0111 V           ; 0.113 V                              ; 0.035 V                              ; 7.76e-10 s                  ; 8.04e-10 s                  ; Yes                        ; Yes                        ; 2.32 V                      ; 7.25e-07 V                  ; 2.35 V             ; -0.0111 V          ; 0.113 V                             ; 0.035 V                             ; 7.76e-10 s                 ; 8.04e-10 s                 ; Yes                       ; Yes                       ;
; Q1            ; 2.5 V        ; 0 s                 ; 0 s                 ; 2.32 V                       ; 7.25e-07 V                   ; 2.35 V              ; -0.0111 V           ; 0.113 V                              ; 0.035 V                              ; 7.76e-10 s                  ; 8.04e-10 s                  ; Yes                        ; Yes                        ; 2.32 V                      ; 7.25e-07 V                  ; 2.35 V             ; -0.0111 V          ; 0.113 V                             ; 0.035 V                             ; 7.76e-10 s                 ; 8.04e-10 s                 ; Yes                       ; Yes                       ;
; Q2            ; 2.5 V        ; 0 s                 ; 0 s                 ; 2.32 V                       ; 7.25e-07 V                   ; 2.35 V              ; -0.0111 V           ; 0.113 V                              ; 0.035 V                              ; 7.76e-10 s                  ; 8.04e-10 s                  ; Yes                        ; Yes                        ; 2.32 V                      ; 7.25e-07 V                  ; 2.35 V             ; -0.0111 V          ; 0.113 V                             ; 0.035 V                             ; 7.76e-10 s                 ; 8.04e-10 s                 ; Yes                       ; Yes                       ;
; ~ALTERA_DCLK~ ; 2.5 V        ; 0 s                 ; 0 s                 ; 2.32 V                       ; 5.68e-07 V                   ; 2.35 V              ; -0.0132 V           ; 0.2 V                                ; 0.027 V                              ; 5.26e-10 s                  ; 4.81e-10 s                  ; Yes                        ; Yes                        ; 2.32 V                      ; 5.68e-07 V                  ; 2.35 V             ; -0.0132 V          ; 0.2 V                               ; 0.027 V                             ; 5.26e-10 s                 ; 4.81e-10 s                 ; Yes                       ; Yes                       ;
; ~ALTERA_nCEO~ ; 2.5 V        ; 0 s                 ; 0 s                 ; 2.32 V                       ; 9.36e-07 V                   ; 2.35 V              ; -0.00444 V          ; 0.18 V                               ; 0.019 V                              ; 7.23e-10 s                  ; 9.82e-10 s                  ; Yes                        ; Yes                        ; 2.32 V                      ; 9.36e-07 V                  ; 2.35 V             ; -0.00444 V         ; 0.18 V                              ; 0.019 V                             ; 7.23e-10 s                 ; 9.82e-10 s                 ; Yes                       ; Yes                       ;
+---------------+--------------+---------------------+---------------------+------------------------------+------------------------------+---------------------+---------------------+--------------------------------------+--------------------------------------+-----------------------------+-----------------------------+----------------------------+----------------------------+-----------------------------+-----------------------------+--------------------+--------------------+-------------------------------------+-------------------------------------+----------------------------+----------------------------+---------------------------+---------------------------+


+--------------------------------------------------------------------------------------------------------------------------------------------------------------------------------------------------------------------------------------------------------------------------------------------------------------------------------------------------------------------------------------------------------------------------------------------------------------------------------------------------------------------------------------------------------------------------------------------------------------------------------------------------------------------------------------------+
; Fast Corner Signal Integrity Metrics                                                                                                                                                                                                                                                                                                                                                                                                                                                                                                                                                                                                                                                       ;
+---------------+--------------+---------------------+---------------------+------------------------------+------------------------------+---------------------+---------------------+--------------------------------------+--------------------------------------+-----------------------------+-----------------------------+----------------------------+----------------------------+-----------------------------+-----------------------------+--------------------+--------------------+-------------------------------------+-------------------------------------+----------------------------+----------------------------+---------------------------+---------------------------+
; Pin           ; I/O Standard ; Board Delay on Rise ; Board Delay on Fall ; Steady State Voh at FPGA Pin ; Steady State Vol at FPGA Pin ; Voh Max at FPGA Pin ; Vol Min at FPGA Pin ; Ringback Voltage on Rise at FPGA Pin ; Ringback Voltage on Fall at FPGA Pin ; 10-90 Rise Time at FPGA Pin ; 90-10 Fall Time at FPGA Pin ; Monotonic Rise at FPGA Pin ; Monotonic Fall at FPGA Pin ; Steady State Voh at Far-end ; Steady State Vol at Far-end ; Voh Max at Far-end ; Vol Min at Far-end ; Ringback Voltage on Rise at Far-end ; Ringback Voltage on Fall at Far-end ; 10-90 Rise Time at Far-end ; 90-10 Fall Time at Far-end ; Monotonic Rise at Far-end ; Monotonic Fall at Far-end ;
+---------------+--------------+---------------------+---------------------+------------------------------+------------------------------+---------------------+---------------------+--------------------------------------+--------------------------------------+-----------------------------+-----------------------------+----------------------------+----------------------------+-----------------------------+-----------------------------+--------------------+--------------------+-------------------------------------+-------------------------------------+----------------------------+----------------------------+---------------------------+---------------------------+
; Q0            ; 2.5 V        ; 0 s                 ; 0 s                 ; 2.62 V                       ; 2.78e-08 V                   ; 2.71 V              ; -0.0349 V           ; 0.253 V                              ; 0.069 V                              ; 4.96e-10 s                  ; 5.19e-10 s                  ; No                         ; Yes                        ; 2.62 V                      ; 2.78e-08 V                  ; 2.71 V             ; -0.0349 V          ; 0.253 V                             ; 0.069 V                             ; 4.96e-10 s                 ; 5.19e-10 s                 ; No                        ; Yes                       ;
; Q1            ; 2.5 V        ; 0 s                 ; 0 s                 ; 2.62 V                       ; 2.78e-08 V                   ; 2.71 V              ; -0.0349 V           ; 0.253 V                              ; 0.069 V                              ; 4.96e-10 s                  ; 5.19e-10 s                  ; No                         ; Yes                        ; 2.62 V                      ; 2.78e-08 V                  ; 2.71 V             ; -0.0349 V          ; 0.253 V                             ; 0.069 V                             ; 4.96e-10 s                 ; 5.19e-10 s                 ; No                        ; Yes                       ;
; Q2            ; 2.5 V        ; 0 s                 ; 0 s                 ; 2.62 V                       ; 2.78e-08 V                   ; 2.71 V              ; -0.0349 V           ; 0.253 V                              ; 0.069 V                              ; 4.96e-10 s                  ; 5.19e-10 s                  ; No                         ; Yes                        ; 2.62 V                      ; 2.78e-08 V                  ; 2.71 V             ; -0.0349 V          ; 0.253 V                             ; 0.069 V                             ; 4.96e-10 s                 ; 5.19e-10 s                 ; No                        ; Yes                       ;
; ~ALTERA_DCLK~ ; 2.5 V        ; 0 s                 ; 0 s                 ; 2.62 V                       ; 2.22e-08 V                   ; 2.72 V              ; -0.0747 V           ; 0.28 V                               ; 0.169 V                              ; 3.1e-10 s                   ; 3.01e-10 s                  ; No                         ; Yes                        ; 2.62 V                      ; 2.22e-08 V                  ; 2.72 V             ; -0.0747 V          ; 0.28 V                              ; 0.169 V                             ; 3.1e-10 s                  ; 3.01e-10 s                 ; No                        ; Yes                       ;
; ~ALTERA_nCEO~ ; 2.5 V        ; 0 s                 ; 0 s                 ; 2.62 V                       ; 3.53e-08 V                   ; 2.7 V               ; -0.0212 V           ; 0.204 V                              ; 0.049 V                              ; 4.85e-10 s                  ; 6.73e-10 s                  ; No                         ; Yes                        ; 2.62 V                      ; 3.53e-08 V                  ; 2.7 V              ; -0.0212 V          ; 0.204 V                             ; 0.049 V                             ; 4.85e-10 s                 ; 6.73e-10 s                 ; No                        ; Yes                       ;
+---------------+--------------+---------------------+---------------------+------------------------------+------------------------------+---------------------+---------------------+--------------------------------------+--------------------------------------+-----------------------------+-----------------------------+----------------------------+----------------------------+-----------------------------+-----------------------------+--------------------+--------------------+-------------------------------------+-------------------------------------+----------------------------+----------------------------+---------------------------+---------------------------+


+-------------------------------------------------------------------+
; Setup Transfers                                                   ;
+------------+----------+----------+----------+----------+----------+
; From Clock ; To Clock ; RR Paths ; FR Paths ; RF Paths ; FF Paths ;
+------------+----------+----------+----------+----------+----------+
; inst52     ; CLK      ; 1        ; 1        ; 0        ; 0        ;
; inst1      ; inst1    ; 0        ; 0        ; 0        ; 1        ;
; inst1      ; inst52   ; 0        ; 0        ; 1        ; 1        ;
+------------+----------+----------+----------+----------+----------+
Entries labeled "false path" only account for clock-to-clock false paths and not path-based false paths. As a result, actual path counts may be lower than reported.


+-------------------------------------------------------------------+
; Hold Transfers                                                    ;
+------------+----------+----------+----------+----------+----------+
; From Clock ; To Clock ; RR Paths ; FR Paths ; RF Paths ; FF Paths ;
+------------+----------+----------+----------+----------+----------+
; inst52     ; CLK      ; 1        ; 1        ; 0        ; 0        ;
; inst1      ; inst1    ; 0        ; 0        ; 0        ; 1        ;
; inst1      ; inst52   ; 0        ; 0        ; 1        ; 1        ;
+------------+----------+----------+----------+----------+----------+
Entries labeled "false path" only account for clock-to-clock false paths and not path-based false paths. As a result, actual path counts may be lower than reported.


---------------
; Report TCCS ;
---------------
No dedicated SERDES Transmitter circuitry present in device or used in design


---------------
; Report RSKM ;
---------------
No dedicated SERDES Receiver circuitry present in device or used in design


+------------------------------------------------+
; Unconstrained Paths                            ;
+---------------------------------+-------+------+
; Property                        ; Setup ; Hold ;
+---------------------------------+-------+------+
; Illegal Clocks                  ; 0     ; 0    ;
; Unconstrained Clocks            ; 0     ; 0    ;
; Unconstrained Input Ports       ; 1     ; 1    ;
; Unconstrained Input Port Paths  ; 3     ; 3    ;
; Unconstrained Output Ports      ; 3     ; 3    ;
; Unconstrained Output Port Paths ; 3     ; 3    ;
+---------------------------------+-------+------+


+------------------------------------+
; TimeQuest Timing Analyzer Messages ;
+------------------------------------+
Info: *******************************************************************
Info: Running Quartus II 64-Bit TimeQuest Timing Analyzer
    Info: Version 13.0.1 Build 232 06/12/2013 Service Pack 1 SJ Web Edition
    Info: Processing started: Mon Mar 07 14:46:15 2022
Info: Command: quartus_sta ModOcho -c ModOcho
Info: qsta_default_script.tcl version: #1
Warning (20028): Parallel compilation is not licensed and has been disabled
Info (21077): Core supply voltage is 1.2V
Info (21077): Low junction temperature is 0 degrees C
Info (21077): High junction temperature is 85 degrees C
Critical Warning (332012): Synopsys Design Constraints File file not found: 'ModOcho.sdc'. A Synopsys Design Constraints File is required by the TimeQuest Timing Analyzer to get proper timing constraints. Without it, the Compiler will not properly optimize the design.
Info (332142): No user constrained base clocks found in the design. Calling "derive_clocks -period 1.0"
Info (332105): Deriving Clocks
    Info (332105): create_clock -period 1.000 -name CLK CLK
    Info (332105): create_clock -period 1.000 -name inst52 inst52
    Info (332105): create_clock -period 1.000 -name inst1 inst1
Info (332143): No user constrained clock uncertainty found in the design. Calling "derive_clock_uncertainty"
Info (332123): Deriving Clock Uncertainty. Please refer to report_sdc in TimeQuest to see clock uncertainties.
Info: Found TIMEQUEST_REPORT_SCRIPT_INCLUDE_DEFAULT_ANALYSIS = ON
Info: Analyzing Slow 1200mV 85C Model
Info (332146): Worst-case setup slack is 0.090
    Info (332119):     Slack End Point TNS Clock 
    Info (332119): ========= ============= =====================
    Info (332119):     0.090         0.000 inst52 
    Info (332119):     0.129         0.000 CLK 
    Info (332119):     0.317         0.000 inst1 
Critical Warning (332148): Timing requirements not met
    Info (11105): For recommendations on closing timing, run Report Timing Closure Recommendations in the TimeQuest Timing Analyzer.
Info (332146): Worst-case hold slack is -0.146
    Info (332119):     Slack End Point TNS Clock 
    Info (332119): ========= ============= =====================
    Info (332119):    -0.146        -0.146 CLK 
    Info (332119):     0.151         0.000 inst52 
    Info (332119):     0.384         0.000 inst1 
Info (332140): No Recovery paths to report
Info (332140): No Removal paths to report
Info (332146): Worst-case minimum pulse width slack is -3.000
    Info (332119):     Slack End Point TNS Clock 
    Info (332119): ========= ============= =====================
    Info (332119):    -3.000        -4.000 CLK 
    Info (332119):    -1.000        -1.000 inst1 
    Info (332119):    -1.000        -1.000 inst52 
Info: Analyzing Slow 1200mV 0C Model
Info (334003): Started post-fitting delay annotation
Info (334004): Delay annotation completed successfully
Info (332123): Deriving Clock Uncertainty. Please refer to report_sdc in TimeQuest to see clock uncertainties.
Info (332146): Worst-case setup slack is 0.131
    Info (332119):     Slack End Point TNS Clock 
    Info (332119): ========= ============= =====================
    Info (332119):     0.131         0.000 inst52 
    Info (332119):     0.249         0.000 CLK 
    Info (332119):     0.398         0.000 inst1 
Critical Warning (332148): Timing requirements not met
    Info (11105): For recommendations on closing timing, run Report Timing Closure Recommendations in the TimeQuest Timing Analyzer.
Info (332146): Worst-case hold slack is -0.223
    Info (332119):     Slack End Point TNS Clock 
    Info (332119): ========= ============= =====================
    Info (332119):    -0.223        -0.223 CLK 
    Info (332119):     0.133         0.000 inst52 
    Info (332119):     0.341         0.000 inst1 
Info (332140): No Recovery paths to report
Info (332140): No Removal paths to report
Info (332146): Worst-case minimum pulse width slack is -3.000
    Info (332119):     Slack End Point TNS Clock 
    Info (332119): ========= ============= =====================
    Info (332119):    -3.000        -4.000 CLK 
    Info (332119):    -1.000        -1.000 inst1 
    Info (332119):    -1.000        -1.000 inst52 
Info: Analyzing Fast 1200mV 0C Model
Info (332123): Deriving Clock Uncertainty. Please refer to report_sdc in TimeQuest to see clock uncertainties.
Info (332146): Worst-case setup slack is 0.258
    Info (332119):     Slack End Point TNS Clock 
    Info (332119): ========= ============= =====================
    Info (332119):     0.258         0.000 CLK 
    Info (332119):     0.301         0.000 inst52 
    Info (332119):     0.624         0.000 inst1 
Critical Warning (332148): Timing requirements not met
    Info (11105): For recommendations on closing timing, run Report Timing Closure Recommendations in the TimeQuest Timing Analyzer.
Info (332146): Worst-case hold slack is -0.069
    Info (332119):     Slack End Point TNS Clock 
    Info (332119): ========= ============= =====================
    Info (332119):    -0.069        -0.069 CLK 
    Info (332119):     0.060         0.000 inst52 
    Info (332119):     0.206         0.000 inst1 
Info (332140): No Recovery paths to report
Info (332140): No Removal paths to report
Info (332146): Worst-case minimum pulse width slack is -3.000
    Info (332119):     Slack End Point TNS Clock 
    Info (332119): ========= ============= =====================
    Info (332119):    -3.000        -4.086 CLK 
    Info (332119):    -1.000        -1.000 inst1 
    Info (332119):    -1.000        -1.000 inst52 
Info (332102): Design is not fully constrained for setup requirements
Info (332102): Design is not fully constrained for hold requirements
Info: Quartus II 64-Bit TimeQuest Timing Analyzer was successful. 0 errors, 5 warnings
    Info: Peak virtual memory: 4585 megabytes
    Info: Processing ended: Mon Mar 07 14:46:17 2022
    Info: Elapsed time: 00:00:02
    Info: Total CPU time (on all processors): 00:00:02


